
Optional file libmchp_peripheral.a not found

Optional file libmchp_peripheral_32MX150F128B.a not found
Archive member included because of file (symbol)

c:/program files (x86)/microchip/xc32/v1.44/bin/bin/../../lib/gcc/pic32mx/4.8.3/../../../../pic32mx/lib\libpic32.a(memset.o)
                              build/Normal/production/MDD_File_System/FSIO.o (memset)
c:/program files (x86)/microchip/xc32/v1.44/bin/bin/../../lib/gcc/pic32mx/4.8.3/../../../../pic32mx/lib\libpic32.a(strcpy.o)
                              build/Normal/production/MDD_File_System/FSIO.o (strcpy)
c:/program files (x86)/microchip/xc32/v1.44/bin/bin/../../lib/gcc/pic32mx/4.8.3/../../../../pic32mx/lib\libpic32.a(strlen.o)
                              build/Normal/production/MDD_File_System/FSIO.o (strlen)
c:/program files (x86)/microchip/xc32/v1.44/bin/bin/../../lib/gcc/pic32mx/4.8.3/../../../../pic32mx/lib\libpic32.a(default-bootstrap-exception-handler.o)
                              c:/program files (x86)/microchip/xc32/v1.44/bin/bin/../../lib/gcc/pic32mx/4.8.3/../../../../pic32mx/lib/./proc/32MX170F256D/crt0_mips32r2.o (_bootstrap_exception_handler)
c:/program files (x86)/microchip/xc32/v1.44/bin/bin/../../lib/gcc/pic32mx/4.8.3/../../../../pic32mx/lib\libpic32.a(default-on-reset.o)
                              c:/program files (x86)/microchip/xc32/v1.44/bin/bin/../../lib/gcc/pic32mx/4.8.3/../../../../pic32mx/lib/./proc/32MX170F256D/crt0_mips32r2.o (_on_reset)
c:/program files (x86)/microchip/xc32/v1.44/bin/bin/../../lib/gcc/pic32mx/4.8.3/../../../../pic32mx/lib\libpic32.a(default-on-bootstrap.o)
                              c:/program files (x86)/microchip/xc32/v1.44/bin/bin/../../lib/gcc/pic32mx/4.8.3/../../../../pic32mx/lib/./proc/32MX170F256D/crt0_mips32r2.o (_on_bootstrap)
c:/program files (x86)/microchip/xc32/v1.44/bin/bin/../../lib/gcc/pic32mx/4.8.3/../../../../pic32mx/lib\libpic32.a(default-nmi-handler.o)
                              c:/program files (x86)/microchip/xc32/v1.44/bin/bin/../../lib/gcc/pic32mx/4.8.3/../../../../pic32mx/lib/./proc/32MX170F256D/crt0_mips32r2.o (_nmi_handler)
c:/program files (x86)/microchip/xc32/v1.44/bin/bin/../../lib/gcc/pic32mx/4.8.3/../../../../pic32mx/lib\libpic32.a(general-exception.o)
                              c:/program files (x86)/microchip/xc32/v1.44/bin/bin/../../lib/gcc/pic32mx/4.8.3/../../../../pic32mx/lib/./proc/32MX170F256D/crt0_mips32r2.o (_general_exception_context)
c:/program files (x86)/microchip/xc32/v1.44/bin/bin/../../lib/gcc/pic32mx/4.8.3/../../../../pic32mx/lib\libpic32.a(vector0.o)
                              c:/program files (x86)/microchip/xc32/v1.44/bin/bin/../../lib/gcc/pic32mx/4.8.3/../../../../pic32mx/lib/./proc/32MX170F256D\default_isr_vectors.o (__vector_dispatch_0)
c:/program files (x86)/microchip/xc32/v1.44/bin/bin/../../lib/gcc/pic32mx/4.8.3/../../../../pic32mx/lib\libpic32.a(vector1.o)
                              c:/program files (x86)/microchip/xc32/v1.44/bin/bin/../../lib/gcc/pic32mx/4.8.3/../../../../pic32mx/lib/./proc/32MX170F256D\default_isr_vectors.o (__vector_dispatch_1)
c:/program files (x86)/microchip/xc32/v1.44/bin/bin/../../lib/gcc/pic32mx/4.8.3/../../../../pic32mx/lib\libpic32.a(vector2.o)
                              c:/program files (x86)/microchip/xc32/v1.44/bin/bin/../../lib/gcc/pic32mx/4.8.3/../../../../pic32mx/lib/./proc/32MX170F256D\default_isr_vectors.o (__vector_dispatch_2)
c:/program files (x86)/microchip/xc32/v1.44/bin/bin/../../lib/gcc/pic32mx/4.8.3/../../../../pic32mx/lib\libpic32.a(vector3.o)
                              c:/program files (x86)/microchip/xc32/v1.44/bin/bin/../../lib/gcc/pic32mx/4.8.3/../../../../pic32mx/lib/./proc/32MX170F256D\default_isr_vectors.o (__vector_dispatch_3)
c:/program files (x86)/microchip/xc32/v1.44/bin/bin/../../lib/gcc/pic32mx/4.8.3/../../../../pic32mx/lib\libpic32.a(vector4.o)
                              c:/program files (x86)/microchip/xc32/v1.44/bin/bin/../../lib/gcc/pic32mx/4.8.3/../../../../pic32mx/lib/./proc/32MX170F256D\default_isr_vectors.o (__vector_dispatch_4)
c:/program files (x86)/microchip/xc32/v1.44/bin/bin/../../lib/gcc/pic32mx/4.8.3/../../../../pic32mx/lib\libpic32.a(vector5.o)
                              c:/program files (x86)/microchip/xc32/v1.44/bin/bin/../../lib/gcc/pic32mx/4.8.3/../../../../pic32mx/lib/./proc/32MX170F256D\default_isr_vectors.o (__vector_dispatch_5)
c:/program files (x86)/microchip/xc32/v1.44/bin/bin/../../lib/gcc/pic32mx/4.8.3/../../../../pic32mx/lib\libpic32.a(vector6.o)
                              c:/program files (x86)/microchip/xc32/v1.44/bin/bin/../../lib/gcc/pic32mx/4.8.3/../../../../pic32mx/lib/./proc/32MX170F256D\default_isr_vectors.o (__vector_dispatch_6)
c:/program files (x86)/microchip/xc32/v1.44/bin/bin/../../lib/gcc/pic32mx/4.8.3/../../../../pic32mx/lib\libpic32.a(vector8.o)
[...]
Memory Configuration

Name             Origin             Length             Attributes
kseg0_program_mem 0x9d009490         0x00036b6c         xr
nvmdata          0x9d007c00         0x00000400
exception_mem    0x9d008000         0x00000800
debug_exec_mem   0x9fc00490         0x00000760
kseg0_boot_mem   0x9d008000         0x00000000
kseg1_boot_mem   0x9d009000         0x00000490
config3          0xbfc00bf0         0x00000004
config2          0xbfc00bf4         0x00000004
config1          0xbfc00bf8         0x00000004
config0          0xbfc00bfc         0x00000004
kseg1_data_mem   0xa0000000         0x00010000         w !x
sfrs             0xbf800000         0x00100000
configsfrs       0xbfc00bf0         0x00000010
origreset        0xbfc00000         0x00000008         xr
*default*        0x00000000         0xffffffff

Linker script and memory map

LOAD c:/program files (x86)/microchip/xc32/v1.44/bin/bin/../../lib/gcc/pic32mx/4.8.3/../../../../pic32mx/lib/./proc/32MX170F256D/crt0_mips32r2.o
LOAD c:/program files (x86)/microchip/xc32/v1.44/bin/bin/../../lib/gcc/pic32mx/4.8.3/../../../../pic32mx/lib\debug-exception-return.o
LOAD build/Normal/production/cambadge.o
LOAD build/Normal/production/hardware.o
LOAD build/Normal/production/interrupts.o
LOAD build/Normal/production/MDD_File_System/FSIO.o
LOAD build/Normal/production/MDD_File_System/SD-SPI.o
LOAD build/Normal/production/globals.o
LOAD build/Normal/production/display.o
LOAD build/Normal/production/serial.o
LOAD build/Normal/production/fileformats.o
LOAD build/Normal/production/particle.o
LOAD build/Normal/production/browser.o
LOAD build/Normal/production/camera.o
LOAD build/Normal/production/apptemplate.o
LOAD build/Normal/production/codescan.o
LOAD build/Normal/production/utils.o
LOAD build/Normal/production/imagefx.o
LOAD build/Normal/production/scope.o
LOAD build/Normal/production/box_game.o
LOAD build/Normal/production/breakout.o
LOAD build/Normal/production/tetrapuzz.o
                0x00000001                __MPLAB_BUILD = 0x1
                0x00000400                PROVIDE (_min_stack_size, 0x400)
LOAD c:/program files (x86)/microchip/xc32/v1.44/bin/bin/../../lib/gcc/pic32mx/4.8.3/../../../../pic32mx/lib/./proc/32MX170F256D\processor.o
START GROUP
LOAD libmchp_peripheral.a
END GROUP
START GROUP
LOAD libmchp_peripheral_32MX150F128B.a
END GROUP
                0x00000001                PROVIDE (_vector_spacing, 0x1)
                0x9d008000                _ebase_address = 0x9d008000
                0x9d009000                _RESET_ADDR = 0x9d009000
                0x9d009380                _BEV_EXCPT_ADDR = 0x9d009380
                0x9d009480                _DBG_EXCPT_ADDR = 0x9d009480
                0x9fc00490                _DBG_CODE_ADDR = 0x9fc00490
                0x00000760                _DBG_CODE_SIZE = 0x760
                0x9d008180                _GEN_EXCPT_ADDR = (_ebase_address + 0x180)
                0xbfc00000                _ORIGINAL_RESET_ADDR = 0xbfc00000

.origreset      0xbfc00000        0x8
                0xbfc00000        0x4 LONG 0xb402400 (((_reset >> 0x2) & 0x3ffffff) | 0x8000000)
                0xbfc00004        0x4 LONG 0x0

.config_BFC00BF0
                0xbfc00bf0        0x4
 *(.config_BFC00BF0)
 .config_BFC00BF0
                0xbfc00bf0        0x4 build/Normal/production/cambadge.o

.config_BFC00BF4
                0xbfc00bf4        0x4
 *(.config_BFC00BF4)
 .config_BFC00BF4
                0xbfc00bf4        0x4 build/Normal/production/cambadge.o

.config_BFC00BF8
                0xbfc00bf8        0x4
 *(.config_BFC00BF8)
 .config_BFC00BF8
                0xbfc00bf8        0x4 build/Normal/production/cambadge.o

.config_BFC00BFC
                0xbfc00bfc        0x4
 *(.config_BFC00BFC)
 .config_BFC00BFC
                0xbfc00bfc        0x4 build/Normal/production/cambadge.o
                0xbfc02000                PROVIDE (_DBG_CODE_ADDR, 0xbfc02000)
                0x00000ff0                PROVIDE (_DBG_CODE_SIZE, 0xff0)

.reset          0x9d009000      0x1e4
 *(.reset)
 .reset         0x9d009000        0x8 c:/program files (x86)/microchip/xc32/v1.44/bin/bin/../../lib/gcc/pic32mx/4.8.3/../../../../pic32mx/lib/./proc/32MX170F256D/crt0_mips32r2.o
                0x9d009000                _reset
 *(.reset.startup)
 .reset.startup
                0x9d009008      0x1dc c:/program files (x86)/microchip/xc32/v1.44/bin/bin/../../lib/gcc/pic32mx/4.8.3/../../../../pic32mx/lib/./proc/32MX170F256D/crt0_mips32r2.o
                0x9d009008                _startup

.bev_excpt      0x9d009380       0x10
 *(.bev_handler)
 .bev_handler   0x9d009380       0x10 c:/program files (x86)/microchip/xc32/v1.44/bin/bin/../../lib/gcc/pic32mx/4.8.3/../../../../pic32mx/lib/./proc/32MX170F256D/crt0_mips32r2.o

.dbg_excpt      0x9d009480        0x0
                0x9d009480                . = (. + DEFINED (_DEBUGGER)?0x8:0x0)

.dbg_code       0x9fc00490        0x0
                0x9fc00490                . = (. + DEFINED (_DEBUGGER)?_DBG_CODE_SIZE:0x0)

.app_excpt      0x9d008180       0x10
 *(.gen_handler)
 .gen_handler   0x9d008180       0x10 c:/program files (x86)/microchip/xc32/v1.44/bin/bin/../../lib/gcc/pic32mx/4.8.3/../../../../pic32mx/lib/./proc/32MX170F256D/crt0_mips32r2.o

.vector_0       0x9d008200        0x8
 *(.vector_0)
 .vector_0      0x9d008200        0x8 c:/program files (x86)/microchip/xc32/v1.44/bin/bin/../../lib/gcc/pic32mx/4.8.3/../../../../pic32mx/lib\libpic32.a(vector0.o)
                0x9d008200                __vector_dispatch_0
                0x00000001                ASSERT (((_vector_spacing == 0x0) || (SIZEOF (.vector_0) <= (_vector_spacing << 0x5))), function at exception vector 0 too large)

.vector_1       0x9d008220        0x8
 *(.vector_1)
 .vector_1      0x9d008220        0x8 c:/program files (x86)/microchip/xc32/v1.44/bin/bin/../../lib/gcc/pic32mx/4.8.3/../../../../pic32mx/lib\libpic32.a(vector1.o)
                0x9d008220                __vector_dispatch_1
                0x00000001                ASSERT (((_vector_spacing == 0x0) || (SIZEOF (.vector_1) <= (_vector_spacing << 0x5))), function at exception vector 1 too large)

.vector_2       0x9d008240        0x8
 *(.vector_2)
 .vector_2      0x9d008240        0x8 c:/program files (x86)/microchip/xc32/v1.44/bin/bin/../../lib/gcc/pic32mx/4.8.3/../../../../pic32mx/lib\libpic32.a(vector2.o)
                0x9d008240                __vector_dispatch_2
                0x00000001                ASSERT (((_vector_spacing == 0x0) || (SIZEOF (.vector_2) <= (_vector_spacing << 0x5))), function at exception vector 2 too large)

.vector_3       0x9d008260        0x8
 *(.vector_3)
 .vector_3      0x9d008260        0x8 c:/program files (x86)/microchip/xc32/v1.44/bin/bin/../../lib/gcc/pic32mx/4.8.3/../../../../pic32mx/lib\libpic32.a(vector3.o)
                0x9d008260                __vector_dispatch_3
                0x00000001                ASSERT (((_vector_spacing == 0x0) || (SIZEOF (.vector_3) <= (_vector_spacing << 0x5))), function at exception vector 3 too large)

.vector_4       0x9d008280        0x8
 *(.vector_4)
 .vector_4      0x9d008280        0x8 c:/program files (x86)/microchip/xc32/v1.44/bin/bin/../../lib/gcc/pic32mx/4.8.3/../../../../pic32mx/lib\libpic32.a(vector4.o)
                0x9d008280                __vector_dispatch_4
                0x00000001                ASSERT (((_vector_spacing == 0x0) || (SIZEOF (.vector_4) <= (_vector_spacing << 0x5))), function at exception vector 4 too large)

.vector_5       0x9d0082a0        0x8
 *(.vector_5)
 .vector_5      0x9d0082a0        0x8 c:/program files (x86)/microchip/xc32/v1.44/bin/bin/../../lib/gcc/pic32mx/4.8.3/../../../../pic32mx/lib\libpic32.a(vector5.o)
                0x9d0082a0                __vector_dispatch_5
                0x00000001                ASSERT (((_vector_spacing == 0x0) || (SIZEOF (.vector_5) <= (_vector_spacing << 0x5))), function at exception vector 5 too large)

.vector_6       0x9d0082c0        0x8
 *(.vector_6)
 .vector_6      0x9d0082c0        0x8 c:/program files (x86)/microchip/xc32/v1.44/bin/bin/../../lib/gcc/pic32mx/4.8.3/../../../../pic32mx/lib\libpic32.a(vector6.o)
                0x9d0082c0                __vector_dispatch_6
                0x00000001                ASSERT (((_vector_spacing == 0x0) || (SIZEOF (.vector_6) <= (_vector_spacing << 0x5))), function at exception vector 6 too large)

.vector_7       0x9d0082e0        0x8
 *(.vector_7)
 .vector_7      0x9d0082e0        0x8 build/Normal/production/interrupts.o
                0x9d0082e0                __vector_dispatch_7
                0x00000001                ASSERT (((_vector_spacing == 0x0) || (SIZEOF (.vector_7) <= (_vector_spacing << 0x5))), function at exception vector 7 too large)

.vector_8       0x9d008300        0x8
 *(.vector_8)
 .vector_8      0x9d008300        0x8 c:/program files (x86)/microchip/xc32/v1.44/bin/bin/../../lib/gcc/pic32mx/4.8.3/../../../../pic32mx/lib\libpic32.a(vector8.o)
                0x9d008300                __vector_dispatch_8
                0x00000001                ASSERT (((_vector_spacing == 0x0) || (SIZEOF (.vector_8) <= (_vector_spacing << 0x5))), function at exception vector 8 too large)

.vector_9       0x9d008320        0x8
 *(.vector_9)
 .vector_9      0x9d008320        0x8 c:/program files (x86)/microchip/xc32/v1.44/bin/bin/../../lib/gcc/pic32mx/4.8.3/../../../../pic32mx/lib\libpic32.a(vector9.o)
                0x9d008320                __vector_dispatch_9
                0x00000001                ASSERT (((_vector_spacing == 0x0) || (SIZEOF (.vector_9) <= (_vector_spacing << 0x5))), function at exception vector 9 too large)

.vector_10      0x9d008340        0x8
 *(.vector_10)
 .vector_10     0x9d008340        0x8 c:/program files (x86)/microchip/xc32/v1.44/bin/bin/../../lib/gcc/pic32mx/4.8.3/../../../../pic32mx/lib\libpic32.a(vector10.o)
                0x9d008340                __vector_dispatch_10
                0x00000001                ASSERT (((_vector_spacing == 0x0) || (SIZEOF (.vector_10) <= (_vector_spacing << 0x5))), function at exception vector 10 too large)

.vector_11      0x9d008360        0x8
 *(.vector_11)
 .vector_11     0x9d008360        0x8 c:/program files (x86)/microchip/xc32/v1.44/bin/bin/../../lib/gcc/pic32mx/4.8.3/../../../../pic32mx/lib\libpic32.a(vector11.o)
                0x9d008360                __vector_dispatch_11
                0x00000001                ASSERT (((_vector_spacing == 0x0) || (SIZEOF (.vector_11) <= (_vector_spacing << 0x5))), function at exception vector 11 too large)

.vector_12      0x9d008380        0x8
 *(.vector_12)
 .vector_12     0x9d008380        0x8 c:/program files (x86)/microchip/xc32/v1.44/bin/bin/../../lib/gcc/pic32mx/4.8.3/../../../../pic32mx/lib\libpic32.a(vector12.o)
                0x9d008380                __vector_dispatch_12
                0x00000001                ASSERT (((_vector_spacing == 0x0) || (SIZEOF (.vector_12) <= (_vector_spacing << 0x5))), function at exception vector 12 too large)

.vector_13      0x9d0083a0        0x8
 *(.vector_13)
 .vector_13     0x9d0083a0        0x8 c:/program files (x86)/microchip/xc32/v1.44/bin/bin/../../lib/gcc/pic32mx/4.8.3/../../../../pic32mx/lib\libpic32.a(vector13.o)
                0x9d0083a0                __vector_dispatch_13
                0x00000001                ASSERT (((_vector_spacing == 0x0) || (SIZEOF (.vector_13) <= (_vector_spacing << 0x5))), function at exception vector 13 too large)

.vector_14      0x9d0083c0        0x8
 *(.vector_14)
 .vector_14     0x9d0083c0        0x8 c:/program files (x86)/microchip/xc32/v1.44/bin/bin/../../lib/gcc/pic32mx/4.8.3/../../../../pic32mx/lib\libpic32.a(vector14.o)
                0x9d0083c0                __vector_dispatch_14
                0x00000001                ASSERT (((_vector_spacing == 0x0) || (SIZEOF (.vector_14) <= (_vector_spacing << 0x5))), function at exception vector 14 too large)

.vector_15      0x9d0083e0        0x8
 *(.vector_15)
 .vector_15     0x9d0083e0        0x8 c:/program files (x86)/microchip/xc32/v1.44/bin/bin/../../lib/gcc/pic32mx/4.8.3/../../../../pic32mx/lib\libpic32.a(vector15.o)
                0x9d0083e0                __vector_dispatch_15
                0x00000001                ASSERT (((_vector_spacing == 0x0) || (SIZEOF (.vector_15) <= (_vector_spacing << 0x5))), function at exception vector 15 too large)

.vector_16      0x9d008400        0x8
 *(.vector_16)
 .vector_16     0x9d008400        0x8 c:/program files (x86)/microchip/xc32/v1.44/bin/bin/../../lib/gcc/pic32mx/4.8.3/../../../../pic32mx/lib\libpic32.a(vector16.o)
                0x9d008400                __vector_dispatch_16
                0x00000001                ASSERT (((_vector_spacing == 0x0) || (SIZEOF (.vector_16) <= (_vector_spacing << 0x5))), function at exception vector 16 too large)

.vector_17      0x9d008420        0x8
 *(.vector_17)
 .vector_17     0x9d008420        0x8 c:/program files (x86)/microchip/xc32/v1.44/bin/bin/../../lib/gcc/pic32mx/4.8.3/../../../../pic32mx/lib\libpic32.a(vector17.o)
                0x9d008420                __vector_dispatch_17
                0x00000001                ASSERT (((_vector_spacing == 0x0) || (SIZEOF (.vector_17) <= (_vector_spacing << 0x5))), function at exception vector 17 too large)

.vector_18      0x9d008440        0x8
 *(.vector_18)
 .vector_18     0x9d008440        0x8 c:/program files (x86)/microchip/xc32/v1.44/bin/bin/../../lib/gcc/pic32mx/4.8.3/../../../../pic32mx/lib\libpic32.a(vector18.o)
                0x9d008440                __vector_dispatch_18
                0x00000001                ASSERT (((_vector_spacing == 0x0) || (SIZEOF (.vector_18) <= (_vector_spacing << 0x5))), function at exception vector 18 too large)

.vector_19      0x9d008460        0x8
 *(.vector_19)
 .vector_19     0x9d008460        0x8 build/Normal/production/interrupts.o
                0x9d008460                __vector_dispatch_19
                0x00000001                ASSERT (((_vector_spacing == 0x0) || (SIZEOF (.vector_19) <= (_vector_spacing << 0x5))), function at exception vector 19 too large)

.vector_20      0x9d008480        0x8
 *(.vector_20)
 .vector_20     0x9d008480        0x8 c:/program files (x86)/microchip/xc32/v1.44/bin/bin/../../lib/gcc/pic32mx/4.8.3/../../../../pic32mx/lib\libpic32.a(vector20.o)
                0x9d008480                __vector_dispatch_20
                0x00000001                ASSERT (((_vector_spacing == 0x0) || (SIZEOF (.vector_20) <= (_vector_spacing << 0x5))), function at exception vector 20 too large)

.vector_21      0x9d0084a0        0x8
 *(.vector_21)
 .vector_21     0x9d0084a0        0x8 c:/program files (x86)/microchip/xc32/v1.44/bin/bin/../../lib/gcc/pic32mx/4.8.3/../../../../pic32mx/lib\libpic32.a(vector21.o)
                0x9d0084a0                __vector_dispatch_21
                0x00000001                ASSERT (((_vector_spacing == 0x0) || (SIZEOF (.vector_21) <= (_vector_spacing << 0x5))), function at exception vector 21 too large)

.vector_22      0x9d0084c0        0x8
 *(.vector_22)
 .vector_22     0x9d0084c0        0x8 c:/program files (x86)/microchip/xc32/v1.44/bin/bin/../../lib/gcc/pic32mx/4.8.3/../../../../pic32mx/lib\libpic32.a(vector22.o)
                0x9d0084c0                __vector_dispatch_22
                0x00000001                ASSERT (((_vector_spacing == 0x0) || (SIZEOF (.vector_22) <= (_vector_spacing << 0x5))), function at exception vector 22 too large)

.vector_23      0x9d0084e0        0x8
 *(.vector_23)
 .vector_23     0x9d0084e0        0x8 build/Normal/production/scope.o
                0x9d0084e0                __vector_dispatch_23
                0x00000001                ASSERT (((_vector_spacing == 0x0) || (SIZEOF (.vector_23) <= (_vector_spacing << 0x5))), function at exception vector 23 too large)

.vector_24      0x9d008500        0x8
 *(.vector_24)
 .vector_24     0x9d008500        0x8 c:/program files (x86)/microchip/xc32/v1.44/bin/bin/../../lib/gcc/pic32mx/4.8.3/../../../../pic32mx/lib\libpic32.a(vector24.o)
                0x9d008500                __vector_dispatch_24
                0x00000001                ASSERT (((_vector_spacing == 0x0) || (SIZEOF (.vector_24) <= (_vector_spacing << 0x5))), function at exception vector 24 too large)

.vector_25      0x9d008520        0x8
 *(.vector_25)
 .vector_25     0x9d008520        0x8 c:/program files (x86)/microchip/xc32/v1.44/bin/bin/../../lib/gcc/pic32mx/4.8.3/../../../../pic32mx/lib\libpic32.a(vector25.o)
                0x9d008520                __vector_dispatch_25
                0x00000001                ASSERT (((_vector_spacing == 0x0) || (SIZEOF (.vector_25) <= (_vector_spacing << 0x5))), function at exception vector 25 too large)

.vector_26      0x9d008540        0x8
 *(.vector_26)
 .vector_26     0x9d008540        0x8 c:/program files (x86)/microchip/xc32/v1.44/bin/bin/../../lib/gcc/pic32mx/4.8.3/../../../../pic32mx/lib\libpic32.a(vector26.o)
                0x9d008540                __vector_dispatch_26
                0x00000001                ASSERT (((_vector_spacing == 0x0) || (SIZEOF (.vector_26) <= (_vector_spacing << 0x5))), function at exception vector 26 too large)

.vector_27      0x9d008560        0x8
 *(.vector_27)
 .vector_27     0x9d008560        0x8 c:/program files (x86)/microchip/xc32/v1.44/bin/bin/../../lib/gcc/pic32mx/4.8.3/../../../../pic32mx/lib\libpic32.a(vector27.o)
                0x9d008560                __vector_dispatch_27
                0x00000001                ASSERT (((_vector_spacing == 0x0) || (SIZEOF (.vector_27) <= (_vector_spacing << 0x5))), function at exception vector 27 too large)

.vector_28      0x9d008580        0x8
 *(.vector_28)
 .vector_28     0x9d008580        0x8 c:/program files (x86)/microchip/xc32/v1.44/bin/bin/../../lib/gcc/pic32mx/4.8.3/../../../../pic32mx/lib\libpic32.a(vector28.o)
                0x9d008580                __vector_dispatch_28
                0x00000001                ASSERT (((_vector_spacing == 0x0) || (SIZEOF (.vector_28) <= (_vector_spacing << 0x5))), function at exception vector 28 too large)

.vector_29      0x9d0085a0        0x8
 *(.vector_29)
 .vector_29     0x9d0085a0        0x8 c:/program files (x86)/microchip/xc32/v1.44/bin/bin/../../lib/gcc/pic32mx/4.8.3/../../../../pic32mx/lib\libpic32.a(vector29.o)
                0x9d0085a0                __vector_dispatch_29
                0x00000001                ASSERT (((_vector_spacing == 0x0) || (SIZEOF (.vector_29) <= (_vector_spacing << 0x5))), function at exception vector 29 too large)

.vector_30      0x9d0085c0        0x8
 *(.vector_30)
 .vector_30     0x9d0085c0        0x8 c:/program files (x86)/microchip/xc32/v1.44/bin/bin/../../lib/gcc/pic32mx/4.8.3/../../../../pic32mx/lib\libpic32.a(vector30.o)
                0x9d0085c0                __vector_dispatch_30
                0x00000001                ASSERT (((_vector_spacing == 0x0) || (SIZEOF (.vector_30) <= (_vector_spacing << 0x5))), function at exception vector 30 too large)

.vector_31      0x9d0085e0        0x8
 *(.vector_31)
 .vector_31     0x9d0085e0        0x8 c:/program files (x86)/microchip/xc32/v1.44/bin/bin/../../lib/gcc/pic32mx/4.8.3/../../../../pic32mx/lib\libpic32.a(vector31.o)
                0x9d0085e0                __vector_dispatch_31
                0x00000001                ASSERT (((_vector_spacing == 0x0) || (SIZEOF (.vector_31) <= (_vector_spacing << 0x5))), function at exception vector 31 too large)

.vector_32      0x9d008600        0x8
 *(.vector_32)
 .vector_32     0x9d008600        0x8 c:/program files (x86)/microchip/xc32/v1.44/bin/bin/../../lib/gcc/pic32mx/4.8.3/../../../../pic32mx/lib\libpic32.a(vector32.o)
                0x9d008600                __vector_dispatch_32
                0x00000001                ASSERT (((_vector_spacing == 0x0) || (SIZEOF (.vector_32) <= (_vector_spacing << 0x5))), function at exception vector 32 too large)

.vector_33      0x9d008620        0x8
 *(.vector_33)
 .vector_33     0x9d008620        0x8 c:/program files (x86)/microchip/xc32/v1.44/bin/bin/../../lib/gcc/pic32mx/4.8.3/../../../../pic32mx/lib\libpic32.a(vector33.o)
                0x9d008620                __vector_dispatch_33
                0x00000001                ASSERT (((_vector_spacing == 0x0) || (SIZEOF (.vector_33) <= (_vector_spacing << 0x5))), function at exception vector 33 too large)

.vector_34      0x9d008640        0x8
 *(.vector_34)
 .vector_34     0x9d008640        0x8 c:/program files (x86)/microchip/xc32/v1.44/bin/bin/../../lib/gcc/pic32mx/4.8.3/../../../../pic32mx/lib\libpic32.a(vector34.o)
                0x9d008640                __vector_dispatch_34
                0x00000001                ASSERT (((_vector_spacing == 0x0) || (SIZEOF (.vector_34) <= (_vector_spacing << 0x5))), function at exception vector 34 too large)

.vector_35      0x9d008660        0x8
 *(.vector_35)
 .vector_35     0x9d008660        0x8 c:/program files (x86)/microchip/xc32/v1.44/bin/bin/../../lib/gcc/pic32mx/4.8.3/../../../../pic32mx/lib\libpic32.a(vector35.o)
                0x9d008660                __vector_dispatch_35
                0x00000001                ASSERT (((_vector_spacing == 0x0) || (SIZEOF (.vector_35) <= (_vector_spacing << 0x5))), function at exception vector 35 too large)

.vector_36      0x9d008680        0x8
 *(.vector_36)
 .vector_36     0x9d008680        0x8 c:/program files (x86)/microchip/xc32/v1.44/bin/bin/../../lib/gcc/pic32mx/4.8.3/../../../../pic32mx/lib\libpic32.a(vector36.o)
                0x9d008680                __vector_dispatch_36
                0x00000001                ASSERT (((_vector_spacing == 0x0) || (SIZEOF (.vector_36) <= (_vector_spacing << 0x5))), function at exception vector 36 too large)

.vector_37      0x9d0086a0        0x8
 *(.vector_37)
 .vector_37     0x9d0086a0        0x8 build/Normal/production/interrupts.o
                0x9d0086a0                __vector_dispatch_37
                0x00000001                ASSERT (((_vector_spacing == 0x0) || (SIZEOF (.vector_37) <= (_vector_spacing << 0x5))), function at exception vector 37 too large)

.vector_38      0x9d0086c0        0x8
 *(.vector_38)
 .vector_38     0x9d0086c0        0x8 c:/program files (x86)/microchip/xc32/v1.44/bin/bin/../../lib/gcc/pic32mx/4.8.3/../../../../pic32mx/lib\libpic32.a(vector38.o)
                0x9d0086c0                __vector_dispatch_38
                0x00000001                ASSERT (((_vector_spacing == 0x0) || (SIZEOF (.vector_38) <= (_vector_spacing << 0x5))), function at exception vector 38 too large)

.vector_39      0x9d0086e0        0x8
 *(.vector_39)
 .vector_39     0x9d0086e0        0x8 c:/program files (x86)/microchip/xc32/v1.44/bin/bin/../../lib/gcc/pic32mx/4.8.3/../../../../pic32mx/lib\libpic32.a(vector39.o)
                0x9d0086e0                __vector_dispatch_39
                0x00000001                ASSERT (((_vector_spacing == 0x0) || (SIZEOF (.vector_39) <= (_vector_spacing << 0x5))), function at exception vector 39 too large)

.vector_40      0x9d008700        0x8
 *(.vector_40)
 .vector_40     0x9d008700        0x8 build/Normal/production/interrupts.o
                0x9d008700                __vector_dispatch_40
                0x00000001                ASSERT (((_vector_spacing == 0x0) || (SIZEOF (.vector_40) <= (_vector_spacing << 0x5))), function at exception vector 40 too large)

.vector_41      0x9d008720        0x8
 *(.vector_41)
 .vector_41     0x9d008720        0x8 c:/program files (x86)/microchip/xc32/v1.44/bin/bin/../../lib/gcc/pic32mx/4.8.3/../../../../pic32mx/lib\libpic32.a(vector41.o)
                0x9d008720                __vector_dispatch_41
                0x00000001                ASSERT (((_vector_spacing == 0x0) || (SIZEOF (.vector_41) <= (_vector_spacing << 0x5))), function at exception vector 41 too large)

.vector_42      0x9d008740        0x8
 *(.vector_42)
 .vector_42     0x9d008740        0x8 c:/program files (x86)/microchip/xc32/v1.44/bin/bin/../../lib/gcc/pic32mx/4.8.3/../../../../pic32mx/lib\libpic32.a(vector42.o)
                0x9d008740                __vector_dispatch_42
                0x00000001                ASSERT (((_vector_spacing == 0x0) || (SIZEOF (.vector_42) <= (_vector_spacing << 0x5))), function at exception vector 42 too large)

.vector_43      0x9d008760        0x8
 *(.vector_43)
 .vector_43     0x9d008760        0x8 c:/program files (x86)/microchip/xc32/v1.44/bin/bin/../../lib/gcc/pic32mx/4.8.3/../../../../pic32mx/lib\libpic32.a(vector43.o)
                0x9d008760                __vector_dispatch_43
                0x00000001                ASSERT (((_vector_spacing == 0x0) || (SIZEOF (.vector_43) <= (_vector_spacing << 0x5))), function at exception vector 43 too large)

.vector_44      0x9d008780        0x0
 *(.vector_44)
                0x00000001                ASSERT (((_vector_spacing == 0x0) || (SIZEOF (.vector_44) <= (_vector_spacing << 0x5))), function at exception vector 44 too large)

.vector_45      0x9d0087a0        0x0
 *(.vector_45)
                0x00000001                ASSERT (((_vector_spacing == 0x0) || (SIZEOF (.vector_45) <= (_vector_spacing << 0x5))), function at exception vector 45 too large)

.vector_46      0x9d0087c0        0x0
 *(.vector_46)
                0x00000001                ASSERT (((_vector_spacing == 0x0) || (SIZEOF (.vector_46) <= (_vector_spacing << 0x5))), function at exception vector 46 too large)

.vector_47      0x9d0087e0        0x0
 *(.vector_47)
                0x00000001                ASSERT (((_vector_spacing == 0x0) || (SIZEOF (.vector_47) <= (_vector_spacing << 0x5))), function at exception vector 47 too large)

.vector_48      0x9d008800        0x0
 *(.vector_48)
                0x00000001                ASSERT (((_vector_spacing == 0x0) || (SIZEOF (.vector_48) <= (_vector_spacing << 0x5))), function at exception vector 48 too large)

.vector_49      0x9d008820        0x0
 *(.vector_49)
                0x00000001                ASSERT (((_vector_spacing == 0x0) || (SIZEOF (.vector_49) <= (_vector_spacing << 0x5))), function at exception vector 49 too large)

.vector_50      0x9d008840        0x0
 *(.vector_50)
                0x00000001                ASSERT (((_vector_spacing == 0x0) || (SIZEOF (.vector_50) <= (_vector_spacing << 0x5))), function at exception vector 50 too large)

.vector_51      0x9d008860        0x0
 *(.vector_51)
                0x00000001                ASSERT (((_vector_spacing == 0x0) || (SIZEOF (.vector_51) <= (_vector_spacing << 0x5))), function at exception vector 51 too large)

.vector_52      0x9d008880        0x0
 *(.vector_52)
                0x00000001                ASSERT (((_vector_spacing == 0x0) || (SIZEOF (.vector_52) <= (_vector_spacing << 0x5))), function at exception vector 52 too large)

.vector_53      0x9d0088a0        0x0
 *(.vector_53)
                0x00000001                ASSERT (((_vector_spacing == 0x0) || (SIZEOF (.vector_53) <= (_vector_spacing << 0x5))), function at exception vector 53 too large)

.vector_54      0x9d0088c0        0x0
 *(.vector_54)
                0x00000001                ASSERT (((_vector_spacing == 0x0) || (SIZEOF (.vector_54) <= (_vector_spacing << 0x5))), function at exception vector 54 too large)

.vector_55      0x9d0088e0        0x0
 *(.vector_55)
                0x00000001                ASSERT (((_vector_spacing == 0x0) || (SIZEOF (.vector_55) <= (_vector_spacing << 0x5))), function at exception vector 55 too large)

.vector_56      0x9d008900        0x0
 *(.vector_56)
                0x00000001                ASSERT (((_vector_spacing == 0x0) || (SIZEOF (.vector_56) <= (_vector_spacing << 0x5))), function at exception vector 56 too large)

.vector_57      0x9d008920        0x0
 *(.vector_57)
                0x00000001                ASSERT (((_vector_spacing == 0x0) || (SIZEOF (.vector_57) <= (_vector_spacing << 0x5))), function at exception vector 57 too large)

.vector_58      0x9d008940        0x0
 *(.vector_58)
                0x00000001                ASSERT (((_vector_spacing == 0x0) || (SIZEOF (.vector_58) <= (_vector_spacing << 0x5))), function at exception vector 58 too large)

.vector_59      0x9d008960        0x0
 *(.vector_59)
                0x00000001                ASSERT (((_vector_spacing == 0x0) || (SIZEOF (.vector_59) <= (_vector_spacing << 0x5))), function at exception vector 59 too large)

.vector_60      0x9d008980        0x0
 *(.vector_60)
                0x00000001                ASSERT (((_vector_spacing == 0x0) || (SIZEOF (.vector_60) <= (_vector_spacing << 0x5))), function at exception vector 60 too large)

.vector_61      0x9d0089a0        0x0
 *(.vector_61)
                0x00000001                ASSERT (((_vector_spacing == 0x0) || (SIZEOF (.vector_61) <= (_vector_spacing << 0x5))), function at exception vector 61 too large)

.vector_62      0x9d0089c0        0x0
 *(.vector_62)
                0x00000001                ASSERT (((_vector_spacing == 0x0) || (SIZEOF (.vector_62) <= (_vector_spacing << 0x5))), function at exception vector 62 too large)

.vector_63      0x9d0089e0        0x0
 *(.vector_63)
                0x00000001                ASSERT (((_vector_spacing == 0x0) || (SIZEOF (.vector_63) <= (_vector_spacing << 0x5))), function at exception vector 63 too large)

.startup
 *(.startup)

.text           0x9d009490        0x0
 *(.stub .gnu.linkonce.t.*)
 *(.text.*personality*)
 *(.mips16.fn.*)
 *(.mips16.call.*)
 *(.gnu.warning)
                0x9d009490                . = ALIGN (0x4)

.init           0x9d009490        0x0
 *crti.o(.init)
 *crtbegin.o(.init)
 *(EXCLUDE_FILE(*crtn.o *crtend?.o *crtend.o) .init)
 *crtend.o(.init)
 *crtn.o(.init)
                0x9d009490                . = ALIGN (0x4)

.fini           0x9d009490        0x0
 *(.fini)
                0x9d009490                . = ALIGN (0x4)

.preinit_array  0x9d009490        0x0
                0x9d009490                PROVIDE (__preinit_array_start, .)
 *(.preinit_array)
                0x9d009490                PROVIDE (__preinit_array_end, .)
                0x9d009490                . = ALIGN (0x4)

.init_array     0x9d009490        0x0
                0x9d009490                PROVIDE (__init_array_start, .)
 *(SORT(.init_array.*))
 *(.init_array)
                0x9d009490                PROVIDE (__init_array_end, .)
                0x9d009490                . = ALIGN (0x4)

.fini_array     0x9d009490        0x0
                0x9d009490                PROVIDE (__fini_array_start, .)
 *(SORT(.fini_array.*))
 *(.fini_array)
                0x9d009490                PROVIDE (__fini_array_end, .)
                0x9d009490                . = ALIGN (0x4)

.ctors          0x9d009490        0x0
 *crtbegin.o(.ctors)
 *crtbegin?.o(.ctors)
 *(EXCLUDE_FILE(*crtend?.o *crtend.o) .ctors)
 *(SORT(.ctors.*))
 *(.ctors)
                0x9d009490                . = ALIGN (0x4)

.dtors          0x9d009490        0x0
 *crtbegin.o(.dtors)
 *crtbegin?.o(.dtors)
 *(EXCLUDE_FILE(*crtend?.o *crtend.o) .dtors)
 *(SORT(.dtors.*))
 *(.dtors)
                0x9d009490                . = ALIGN (0x4)

.rodata         0x9d009490        0x0
 *(.gnu.linkonce.r.*)
 *(.rodata1)
                0x9d009490                . = ALIGN (0x4)

.sdata2         0x9d008000        0x0
 *(.sdata2 .sdata2.* .gnu.linkonce.s2.*)
                0x9d008000                . = ALIGN (0x4)

.sbss2          0x9d008000        0x0
 *(.sbss2 .sbss2.* .gnu.linkonce.sb2.*)
                0x9d008000                . = ALIGN (0x4)

.eh_frame_hdr
 *(.eh_frame_hdr)
                0x9d008000                . = ALIGN (0x4)

.eh_frame
 *(.eh_frame)
                0x9d008000                . = ALIGN (0x4)

.gcc_except_table
 *(.gcc_except_table .gcc_except_table.*)
                0x9d008000                . = ALIGN (0x4)

.dbg_data       0xa0000000        0x0
                0xa0000000                . = (. + DEFINED (_DEBUGGER)?0x200:0x0)

.jcr            0xa0000000        0x0
 *(.jcr)
                0xa0000000                . = ALIGN (0x4)

.eh_frame
 *(.eh_frame)
                0xa0000000                . = ALIGN (0x4)

.gcc_except_table
 *(.gcc_except_table .gcc_except_table.*)
                0xa0000000                . = ALIGN (0x4)

.persist        0xa0000000        0x0
                0xa0000000                _persist_begin = .
 *(.persist .persist.*)
 *(.pbss .pbss.*)
                0xa0000000                . = ALIGN (0x4)
                0xa0000000                _persist_end = .

.data           0xa0000000        0x0
 *(.gnu.linkonce.d.*)
 *(.data1)
                0xa0000000                . = ALIGN (0x4)
                0xa0000000                . = .
                0xa0007ff0                _gp = (ALIGN (0x10) + 0x7ff0)

.got            0xa0000000        0x0
 *(.got.plt)
 *(.got)
                0xa0000000                . = ALIGN (0x4)

.sdata          0xa0000000       0x1c
                0xa0000000                _sdata_begin = .
 *(.sdata .sdata.* .gnu.linkonce.s.*)
 .sdata         0xa0000000        0xc build/Normal/production/MDD_File_System/FSIO.o
                0xa0000000                cwdptr
                0xa0000004                gLastDataSectorRead
                0xa0000008                gLastFATSectorRead
 .sdata         0xa000000c        0x4 build/Normal/production/particle.o
                0xa000000c                p
 .sdata         0xa0000010        0x4 build/Normal/production/box_game.o
                0xa0000010                tetrapuzz_cursorbuf
 .sdata         0xa0000014        0x4 c:/program files (x86)/microchip/xc32/v1.44/bin/bin/../../lib/gcc/pic32mx/4.8.3/../../../../pic32mx/lib\liblega-c.a(_iobdata.o)
                0xa0000014                _libc_data
 .sdata         0xa0000018        0x4 c:/program files (x86)/microchip/xc32/v1.44/bin/bin/../../lib/gcc/pic32mx/4.8.3/../../../../pic32mx/lib\libpic32.a(xc32_uart.o)
                0xa0000018                __XC_UART
                0xa000001c                . = ALIGN (0x4)
                0xa000001c                _sdata_end = .

.lit8
 *(.lit8)

.lit4
 *(.lit4)
                0xa000001c                . = ALIGN (0x4)
                0xa000001c                _data_end = .
                0xa000001c                _bss_begin = .

.sbss           0xa000001c      0x248
                0xa000001c                _sbss_begin = .
 *(.dynsbss)
 *(.sbss .sbss.* .gnu.linkonce.sb.*)
 .sbss          0xa000001c        0xc build/Normal/production/hardware.o
 .sbss          0xa0000028        0xc build/Normal/production/MDD_File_System/FSIO.o
                0xa0000028                recache
                0xa0000029                gBufferZeroed
                0xa000002a                nextClusterIsLast
                0xa000002b                gNeedDataWrite
                0xa000002c                gBufferOwner
                0xa0000030                gNeedFATWrite
 .sbss          0xa0000034       0x1c build/Normal/production/MDD_File_System/SD-SPI.o
 .sbss          0xa0000050        0xc build/Normal/production/globals.o
                0xa0000050                adcclaimed
                0xa0000051                dispuart
                0xa0000054                reptimer
                0xa0000058                rxptr
 .sbss          0xa000005c       0x30 build/Normal/production/particle.o
 .sbss          0xa000008c       0x38 build/Normal/production/browser.o
 .sbss          0xa00000c4       0x18 build/Normal/production/camera.o
 .sbss          0xa00000dc        0x8 build/Normal/production/apptemplate.o
 .sbss          0xa00000e4       0x20 build/Normal/production/codescan.o
 .sbss          0xa0000104        0xc build/Normal/production/utils.o
 .sbss          0xa0000110       0x10 build/Normal/production/imagefx.o
 .sbss          0xa0000120       0x30 build/Normal/production/scope.o
 .sbss          0xa0000150        0x5 build/Normal/production/box_game.o
                0xa0000152                rotate
                0xa0000153                cur_piece
                0xa0000154                random_piece
 *fill*         0xa0000155        0x3 
 .sbss          0xa0000158       0x10 build/Normal/production/breakout.o
 .sbss          0xa0000168        0x8 build/Normal/production/tetrapuzz.o
 .sbss          0xa0000170        0x4 c:/program files (x86)/microchip/xc32/v1.44/bin/bin/../../lib/gcc/pic32mx/4.8.3/../../../../pic32mx/lib\liblega-c.a(errno.o)
                0xa0000170                errno
 *(.scommon)
 .scommon       0xa0000174        0x0 build/Normal/production/cambadge.o
 .scommon       0xa0000174        0x0 build/Normal/production/hardware.o
 .scommon       0xa0000174       0x1c build/Normal/production/interrupts.o
                0xa0000174                cambufptr
                0xa0000178                ydivlat
                0xa000017c                xstartlat
                0xa0000180                xdivlat
                0xa0000184                lineskip
                0xa0000188                ypixlat
                0xa000018c                xpixlat
 .scommon       0xa0000190       0x16 build/Normal/production/MDD_File_System/FSIO.o
                0xa0000190                gFileSlotOpen
                0xa0000194                asciiFilename
                0xa0000198                FatRootDirClusterValue
                0xa000019c                fileNameLength
                0xa00001a0                TempClusterCalc
                0xa00001a4                dirCleared
                0xa00001a5                FSerrno
 *fill*         0xa00001a6        0x2 
 .scommon       0xa00001a8        0x7 build/Normal/production/MDD_File_System/SD-SPI.o
                0xa00001a8                MDD_SDSPI_finalLBA
                0xa00001ac                gMediaSectorSize
                0xa00001ae                gSDMode
 *fill*         0xa00001af        0x1 
 .scommon       0xa00001b0       0x98 build/Normal/production/globals.o
                0xa00001b0                fptr
                0xa00001b4                xdiv
                0xa00001b8                cam_busy
                0xa00001bc                ydiv
                0xa00001c0                cardmounted
                0xa00001c4                cammode
                0xa00001c8                linecnt
                0xa00001cc                ypixels
                0xa00001d0                cammax
                0xa00001d4                avi_frametime
                0xa00001d8                camflags
                0xa00001dc                butpress
                0xa00001dd                cam_vsync
                0xa00001de                bgcol
                0xa00001e0                avi_framelen
                0xa00001e4                avi_frames
                0xa00001e8                xstart
                0xa00001ec                battlevel
                0xa00001f0                dispy
                0xa00001f4                accy
                0xa00001f8                fgcol
                0xa00001fc                ystart
                0xa0000200                rxtimer
                0xa0000204                avi_height
                0xa0000208                butstate
                0xa0000209                cam_stop
                0xa000020c                tick
                0xa0000210                avi_width
                0xa0000214                dispx
                0xa0000218                powerdowntimer
                0xa000021c                accz
                0xa0000220                cam_started
                0xa0000224                avi_bpp
                0xa0000228                avi_framenum
                0xa000022c                camaddr
                0xa0000230                cam_wrap
                0xa0000234                camoffset
                0xa0000238                avi_start
                0xa000023c                cardinsert
                0xa000023d                cam_newframe
                0xa0000240                accx
                0xa0000244                xpixels
 .scommon       0xa0000248        0x0 build/Normal/production/display.o
 .scommon       0xa0000248        0x4 build/Normal/production/serial.o
                0xa0000248                camoptions
 .scommon       0xa000024c        0x0 build/Normal/production/fileformats.o
 .scommon       0xa000024c        0xc build/Normal/production/particle.o
                0xa000024c                pixsize
                0xa0000250                pysize
                0xa0000254                pxsize
 .scommon       0xa0000258        0x0 build/Normal/production/browser.o
 .scommon       0xa0000258        0x0 build/Normal/production/camera.o
 .scommon       0xa0000258        0x0 build/Normal/production/apptemplate.o
 .scommon       0xa0000258        0x0 build/Normal/production/codescan.o
 .scommon       0xa0000258        0x0 build/Normal/production/utils.o
 .scommon       0xa0000258        0x0 build/Normal/production/imagefx.o
 .scommon       0xa0000258        0x0 build/Normal/production/scope.o
 .scommon       0xa0000258        0x9 build/Normal/production/box_game.o
                0xa0000258                x_loc
                0xa000025c                BOX_piece
                0xa0000260                y_loc
 .scommon       0xa0000261        0x0 build/Normal/production/breakout.o
 .scommon       0xa0000261        0x0 build/Normal/production/tetrapuzz.o
                0xa0000261                _sbss_end = .
                0xa0000264                . = ALIGN (0x4)
 *fill*         0xa0000261        0x3 

.bss            0xa0000264     0xe7f8
 *(.dynbss)
 *(COMMON)
 COMMON         0xa0000264     0x216e build/Normal/production/MDD_File_System/FSIO.o
                0xa0000264                gDataBuffer
                0xa0001264                tempDirectoryString
                0xa0001274                cwd
                0xa00012b0                tempCWDobj
                0xa00012ec                gFATBuffer
                0xa00022ec                gFileArray
                0xa0002364                gDiskData
                0xa000238c                gFileTemp
                0xa00023c8                defaultArray
 *fill*         0xa00023d2        0x2 
 COMMON         0xa00023d4     0xc668 build/Normal/production/globals.o
                0xa00023d4                rxbuf
                0xa00024d4                buffer_union
                0xa000e5d4                headerbuf
                0xa000e9d4                searchdir
                0xa000ea08                searchfile
 COMMON         0xa000ea3c        0xc build/Normal/production/camera.o
                0xa000ea3c                camname
 COMMON         0xa000ea48       0x14 build/Normal/production/box_game.o
                0xa000ea48                BOX_location
                0xa000ea5c                . = ALIGN ((. != 0x0)?0x4:0x1)
                0xa000ea5c                . = ALIGN (0x4)
                0xa000ea5c                _end = .
                0xa000ea5c                _bss_end = .
                0x00010000                _bmxdudba_address = 0x10000
                0x00010000                _bmxdupba_address = 0x10000

/DISCARD/
 *(.pdr)
 *(.rel.dyn)
 *(.note.GNU-stack)
 *(.note.GNU-stack)
 *(.gnu_debuglink)
 *(.gnu.lto_*)
 *(.discard)

.gptab.sdata
 *(.gptab.data)
 *(.gptab.sdata)

.gptab.sbss
 *(.gptab.bss)
 *(.gptab.sbss)

.mdebug.abi32   0xa000ea5c        0x0
 *(.mdebug.abi32)
 .mdebug.abi32  0xa000ea5c        0x0 build/Normal/production/cambadge.o
 .mdebug.abi32  0xa000ea5c        0x0 build/Normal/production/hardware.o
 .mdebug.abi32  0xa000ea5c        0x0 build/Normal/production/interrupts.o
 .mdebug.abi32  0xa000ea5c        0x0 build/Normal/production/MDD_File_System/FSIO.o
 .mdebug.abi32  0xa000ea5c        0x0 build/Normal/production/MDD_File_System/SD-SPI.o
 .mdebug.abi32  0xa000ea5c        0x0 build/Normal/production/globals.o
 .mdebug.abi32  0xa000ea5c        0x0 build/Normal/production/display.o
 .mdebug.abi32  0xa000ea5c        0x0 build/Normal/production/serial.o
 .mdebug.abi32  0xa000ea5c        0x0 build/Normal/production/fileformats.o
 .mdebug.abi32  0xa000ea5c        0x0 build/Normal/production/particle.o
 .mdebug.abi32  0xa000ea5c        0x0 build/Normal/production/browser.o
 .mdebug.abi32  0xa000ea5c        0x0 build/Normal/production/camera.o
 .mdebug.abi32  0xa000ea5c        0x0 build/Normal/production/apptemplate.o
 .mdebug.abi32  0xa000ea5c        0x0 build/Normal/production/codescan.o
 .mdebug.abi32  0xa000ea5c        0x0 build/Normal/production/utils.o
 .mdebug.abi32  0xa000ea5c        0x0 build/Normal/production/imagefx.o
 .mdebug.abi32  0xa000ea5c        0x0 build/Normal/production/scope.o
 .mdebug.abi32  0xa000ea5c        0x0 build/Normal/production/box_game.o
 .mdebug.abi32  0xa000ea5c        0x0 build/Normal/production/breakout.o
 .mdebug.abi32  0xa000ea5c        0x0 build/Normal/production/tetrapuzz.o
 .mdebug.abi32  0xa000ea5c        0x0 c:/program files (x86)/microchip/xc32/v1.44/bin/bin/../../lib/gcc/pic32mx/4.8.3/../../../../pic32mx/lib\libpic32.a(default-bootstrap-exception-handler.o)
 .mdebug.abi32  0xa000ea5c        0x0 c:/program files (x86)/microchip/xc32/v1.44/bin/bin/../../lib/gcc/pic32mx/4.8.3/../../../../pic32mx/lib\libpic32.a(default-on-reset.o)
 .mdebug.abi32  0xa000ea5c        0x0 c:/program files (x86)/microchip/xc32/v1.44/bin/bin/../../lib/gcc/pic32mx/4.8.3/../../../../pic32mx/lib\libpic32.a(default-on-bootstrap.o)
 .mdebug.abi32  0xa000ea5c        0x0 c:/program files (x86)/microchip/xc32/v1.44/bin/bin/../../lib/gcc/pic32mx/4.8.3/../../../../pic32mx/lib\libpic32.a(defaultinterrupt.o)
 .mdebug.abi32  0xa000ea5c        0x0 c:/program files (x86)/microchip/xc32/v1.44/bin/bin/../../lib/gcc/pic32mx/4.8.3/../../../../pic32mx/lib\liblega-c.a(strncpy.o)
 .mdebug.abi32  0xa000ea5c        0x0 c:/program files (x86)/microchip/xc32/v1.44/bin/bin/../../lib/gcc/pic32mx/4.8.3/../../../../pic32mx/lib\liblega-c.a(ctypef.o)
 .mdebug.abi32  0xa000ea5c        0x0 c:/program files (x86)/microchip/xc32/v1.44/bin/bin/../../lib/gcc/pic32mx/4.8.3/../../../../pic32mx/lib\liblega-c.a(rand.o)
 .mdebug.abi32  0xa000ea5c        0x0 c:/program files (x86)/microchip/xc32/v1.44/bin/bin/../../lib/gcc/pic32mx/4.8.3/../../../../pic32mx/lib\liblega-c.a(fputc.o)
 .mdebug.abi32  0xa000ea5c        0x0 c:/program files (x86)/microchip/xc32/v1.44/bin/bin/../../lib/gcc/pic32mx/4.8.3/../../../../pic32mx/lib\liblega-c.a(fputs.o)
 .mdebug.abi32  0xa000ea5c        0x0 c:/program files (x86)/microchip/xc32/v1.44/bin/bin/../../lib/gcc/pic32mx/4.8.3/../../../../pic32mx/lib\liblega-c.a(printf_cdnopsuxX.eo)
 .mdebug.abi32  0xa000ea5c        0x0 c:/program files (x86)/microchip/xc32/v1.44/bin/bin/../../lib/gcc/pic32mx/4.8.3/../../../../pic32mx/lib\liblega-c.a(printf.o)
 .mdebug.abi32  0xa000ea5c        0x0 c:/program files (x86)/microchip/xc32/v1.44/bin/bin/../../lib/gcc/pic32mx/4.8.3/../../../../pic32mx/lib\liblega-c.a(stubs.o)
 .mdebug.abi32  0xa000ea5c        0x0 c:/program files (x86)/microchip/xc32/v1.44/bin/bin/../../lib/gcc/pic32mx/4.8.3/../../../../pic32mx/lib\liblega-c.a(ctype.o)
 .mdebug.abi32  0xa000ea5c        0x0 c:/program files (x86)/microchip/xc32/v1.44/bin/bin/../../lib/gcc/pic32mx/4.8.3/../../../../pic32mx/lib\liblega-c.a(_doprnt_cdnopsuxX.eo)
 .mdebug.abi32  0xa000ea5c        0x0 c:/program files (x86)/microchip/xc32/v1.44/bin/bin/../../lib/gcc/pic32mx/4.8.3/../../../../pic32mx/lib\liblega-c.a(_doprnt.o)
 .mdebug.abi32  0xa000ea5c        0x0 c:/program files (x86)/microchip/xc32/v1.44/bin/bin/../../lib/gcc/pic32mx/4.8.3/../../../../pic32mx/lib\liblega-c.a(_iobdata.o)
 .mdebug.abi32  0xa000ea5c        0x0 c:/program files (x86)/microchip/xc32/v1.44/bin/bin/../../lib/gcc/pic32mx/4.8.3/../../../../pic32mx/lib\liblega-c.a(_iobfuncs.o)
 .mdebug.abi32  0xa000ea5c        0x0 c:/program files (x86)/microchip/xc32/v1.44/bin/bin/../../lib/gcc/pic32mx/4.8.3/../../../../pic32mx/lib\liblega-c.a(errno.o)
 .mdebug.abi32  0xa000ea5c        0x0 c:/program files (x86)/microchip/xc32/v1.44/bin/bin/../../lib/gcc/pic32mx/4.8.3\libgcc.a(_udivdi3.o)
 .mdebug.abi32  0xa000ea5c        0x0 c:/program files (x86)/microchip/xc32/v1.44/bin/bin/../../lib/gcc/pic32mx/4.8.3\libgcc.a(_umoddi3.o)
 .mdebug.abi32  0xa000ea5c        0x0 c:/program files (x86)/microchip/xc32/v1.44/bin/bin/../../lib/gcc/pic32mx/4.8.3/../../../../pic32mx/lib\libpic32.a(_mon_getc.o)
 .mdebug.abi32  0xa000ea5c        0x0 c:/program files (x86)/microchip/xc32/v1.44/bin/bin/../../lib/gcc/pic32mx/4.8.3/../../../../pic32mx/lib\libpic32.a(_mon_write.o)
 .mdebug.abi32  0xa000ea5c        0x0 c:/program files (x86)/microchip/xc32/v1.44/bin/bin/../../lib/gcc/pic32mx/4.8.3/../../../../pic32mx/lib\libpic32.a(xc32_uart.o)

.mdebug.abiN32
 *(.mdebug.abiN32)

.mdebug.abi64
 *(.mdebug.abi64)

.mdebug.abiO64
 *(.mdebug.abiO64)

.mdebug.eabi32
 *(.mdebug.eabi32)

.mdebug.eabi64
 *(.mdebug.eabi64)

.gcc_compiled_long32
 *(.gcc_compiled_long32)

.gcc_compiled_long64
 *(.gcc_compiled_long64)

.stab
 *(.stab)

.stabstr
 *(.stabstr)

.stab.excl
 *(.stab.excl)

.stab.exclstr
 *(.stab.exclstr)

.stab.index
 *(.stab.index)

.stab.indexstr
 *(.stab.indexstr)

.comment        0x00000000      0x446
 *(.comment)
 .comment       0x00000000       0x3c build/Normal/production/cambadge.o
                                 0x3d (size before relaxing)
 .comment       0x00000000       0x3d build/Normal/production/hardware.o
 .comment       0x00000000       0x3d build/Normal/production/interrupts.o
 .comment       0x00000000       0x3d build/Normal/production/MDD_File_System/FSIO.o
 .comment       0x00000000       0x3d build/Normal/production/MDD_File_System/SD-SPI.o
 .comment       0x00000000       0x3d build/Normal/production/globals.o
 .comment       0x00000000       0x3d build/Normal/production/display.o
 .comment       0x00000000       0x3d build/Normal/production/serial.o
 .comment       0x00000000       0x3d build/Normal/production/fileformats.o
 .comment       0x00000000       0x3d build/Normal/production/particle.o
 .comment       0x00000000       0x3d build/Normal/production/browser.o
 .comment       0x00000000       0x3d build/Normal/production/camera.o
 .comment       0x00000000       0x3d build/Normal/production/apptemplate.o
 .comment       0x00000000       0x3d build/Normal/production/codescan.o
 .comment       0x00000000       0x3d build/Normal/production/utils.o
 .comment       0x00000000       0x3d build/Normal/production/imagefx.o
 .comment       0x00000000       0x3d build/Normal/production/scope.o
 .comment       0x00000000       0x3d build/Normal/production/box_game.o
 .comment       0x00000000       0x3d build/Normal/production/breakout.o
 .comment       0x00000000       0x3d build/Normal/production/tetrapuzz.o
 .comment       0x0000003c       0x18 c:/program files (x86)/microchip/xc32/v1.44/bin/bin/../../lib/gcc/pic32mx/4.8.3/../../../../pic32mx/lib\libpic32.a(memset.o)
                                 0x19 (size before relaxing)
 .comment       0x00000054       0x19 c:/program files (x86)/microchip/xc32/v1.44/bin/bin/../../lib/gcc/pic32mx/4.8.3/../../../../pic32mx/lib\libpic32.a(strcpy.o)
                                 0x1a (size before relaxing)
 .comment       0x0000006d       0x19 c:/program files (x86)/microchip/xc32/v1.44/bin/bin/../../lib/gcc/pic32mx/4.8.3/../../../../pic32mx/lib\libpic32.a(strlen.o)
                                 0x1a (size before relaxing)
 .comment       0x00000000       0x3d c:/program files (x86)/microchip/xc32/v1.44/bin/bin/../../lib/gcc/pic32mx/4.8.3/../../../../pic32mx/lib\libpic32.a(default-bootstrap-exception-handler.o)
 .comment       0x00000000       0x3d c:/program files (x86)/microchip/xc32/v1.44/bin/bin/../../lib/gcc/pic32mx/4.8.3/../../../../pic32mx/lib\libpic32.a(default-on-reset.o)
 .comment       0x00000000       0x3d c:/program files (x86)/microchip/xc32/v1.44/bin/bin/../../lib/gcc/pic32mx/4.8.3/../../../../pic32mx/lib\libpic32.a(default-on-bootstrap.o)
 .comment       0x00000000       0x3d c:/program files (x86)/microchip/xc32/v1.44/bin/bin/../../lib/gcc/pic32mx/4.8.3/../../../../pic32mx/lib\libpic32.a(defaultinterrupt.o)
 .comment       0x00000086       0x50 c:/program files (x86)/microchip/xc32/v1.44/bin/bin/../../lib/gcc/pic32mx/4.8.3/../../../../pic32mx/lib\liblega-c.a(strncpy.o)
                                 0x8d (size before relaxing)
 .comment       0x000000d6       0x4f c:/program files (x86)/microchip/xc32/v1.44/bin/bin/../../lib/gcc/pic32mx/4.8.3/../../../../pic32mx/lib\liblega-c.a(ctypef.o)
                                 0x8c (size before relaxing)
 .comment       0x00000125       0x4d c:/program files (x86)/microchip/xc32/v1.44/bin/bin/../../lib/gcc/pic32mx/4.8.3/../../../../pic32mx/lib\liblega-c.a(rand.o)
                                 0x8a (size before relaxing)
 .comment       0x00000172       0x50 c:/program files (x86)/microchip/xc32/v1.44/bin/bin/../../lib/gcc/pic32mx/4.8.3/../../../../pic32mx/lib\liblega-c.a(fputc.o)
                                 0x8d (size before relaxing)
 .comment       0x000001c2       0x50 c:/program files (x86)/microchip/xc32/v1.44/bin/bin/../../lib/gcc/pic32mx/4.8.3/../../../../pic32mx/lib\liblega-c.a(fputs.o)
                                 0x8d (size before relaxing)
 .comment       0x00000212       0x51 c:/program files (x86)/microchip/xc32/v1.44/bin/bin/../../lib/gcc/pic32mx/4.8.3/../../../../pic32mx/lib\liblega-c.a(printf_cdnopsuxX.eo)
                                 0x8e (size before relaxing)
 .comment       0x00000000       0x8e c:/program files (x86)/microchip/xc32/v1.44/bin/bin/../../lib/gcc/pic32mx/4.8.3/../../../../pic32mx/lib\liblega-c.a(printf.o)
 .comment       0x00000263       0x4e c:/program files (x86)/microchip/xc32/v1.44/bin/bin/../../lib/gcc/pic32mx/4.8.3/../../../../pic32mx/lib\liblega-c.a(stubs.o)
                                 0x8b (size before relaxing)
 .comment       0x000002b1       0x4e c:/program files (x86)/microchip/xc32/v1.44/bin/bin/../../lib/gcc/pic32mx/4.8.3/../../../../pic32mx/lib\liblega-c.a(ctype.o)
                                 0x8b (size before relaxing)
 .comment       0x000002ff       0x52 c:/program files (x86)/microchip/xc32/v1.44/bin/bin/../../lib/gcc/pic32mx/4.8.3/../../../../pic32mx/lib\liblega-c.a(_doprnt_cdnopsuxX.eo)
                                 0x8f (size before relaxing)
 .comment       0x00000000       0x8f c:/program files (x86)/microchip/xc32/v1.44/bin/bin/../../lib/gcc/pic32mx/4.8.3/../../../../pic32mx/lib\liblega-c.a(_doprnt.o)
 .comment       0x00000351       0x53 c:/program files (x86)/microchip/xc32/v1.44/bin/bin/../../lib/gcc/pic32mx/4.8.3/../../../../pic32mx/lib\liblega-c.a(_iobdata.o)
                                 0x90 (size before relaxing)
 .comment       0x000003a4       0x54 c:/program files (x86)/microchip/xc32/v1.44/bin/bin/../../lib/gcc/pic32mx/4.8.3/../../../../pic32mx/lib\liblega-c.a(_iobfuncs.o)
                                 0x91 (size before relaxing)
 .comment       0x000003f8       0x4e c:/program files (x86)/microchip/xc32/v1.44/bin/bin/../../lib/gcc/pic32mx/4.8.3/../../../../pic32mx/lib\liblega-c.a(errno.o)
                                 0x8b (size before relaxing)
 .comment       0x00000000       0x3d c:/program files (x86)/microchip/xc32/v1.44/bin/bin/../../lib/gcc/pic32mx/4.8.3\libgcc.a(_udivdi3.o)
 .comment       0x00000000       0x3d c:/program files (x86)/microchip/xc32/v1.44/bin/bin/../../lib/gcc/pic32mx/4.8.3\libgcc.a(_umoddi3.o)
 .comment       0x00000000       0x3d c:/program files (x86)/microchip/xc32/v1.44/bin/bin/../../lib/gcc/pic32mx/4.8.3/../../../../pic32mx/lib\libpic32.a(_mon_getc.o)
 .comment       0x00000000       0x3d c:/program files (x86)/microchip/xc32/v1.44/bin/bin/../../lib/gcc/pic32mx/4.8.3/../../../../pic32mx/lib\libpic32.a(_mon_write.o)
 .comment       0x00000000       0x3d c:/program files (x86)/microchip/xc32/v1.44/bin/bin/../../lib/gcc/pic32mx/4.8.3/../../../../pic32mx/lib\libpic32.a(xc32_uart.o)

.debug
 *(.debug)

.line
 *(.line)

.debug_srcinfo
 *(.debug_srcinfo)

.debug_sfnames
 *(.debug_sfnames)

.debug_aranges  0x00000000      0x378
 *(.debug_aranges)
 .debug_aranges
                0x00000000       0x20 build/Normal/production/cambadge.o
 .debug_aranges
                0x00000020       0x20 build/Normal/production/hardware.o
 .debug_aranges
                0x00000040       0x20 build/Normal/production/interrupts.o
 .debug_aranges
                0x00000060       0x20 build/Normal/production/MDD_File_System/FSIO.o
 .debug_aranges
                0x00000080       0x20 build/Normal/production/MDD_File_System/SD-SPI.o
 .debug_aranges
                0x000000a0       0x18 build/Normal/production/globals.o
 .debug_aranges
                0x000000b8       0x20 build/Normal/production/display.o
 .debug_aranges
                0x000000d8       0x20 build/Normal/production/serial.o
 .debug_aranges
                0x000000f8       0x20 build/Normal/production/fileformats.o
 .debug_aranges
                0x00000118       0x20 build/Normal/production/particle.o
 .debug_aranges
                0x00000138       0x20 build/Normal/production/browser.o
 .debug_aranges
                0x00000158       0x20 build/Normal/production/camera.o
 .debug_aranges
                0x00000178       0x20 build/Normal/production/apptemplate.o
 .debug_aranges
                0x00000198       0x20 build/Normal/production/codescan.o
 .debug_aranges
                0x000001b8       0x20 build/Normal/production/utils.o
 .debug_aranges
                0x000001d8       0x20 build/Normal/production/imagefx.o
 .debug_aranges
                0x000001f8       0x20 build/Normal/production/scope.o
 .debug_aranges
                0x00000218       0x20 build/Normal/production/box_game.o
 .debug_aranges
                0x00000238       0x20 build/Normal/production/breakout.o
 .debug_aranges
                0x00000258       0x20 build/Normal/production/tetrapuzz.o
 .debug_aranges
                0x00000278       0x20 c:/program files (x86)/microchip/xc32/v1.44/bin/bin/../../lib/gcc/pic32mx/4.8.3/../../../../pic32mx/lib\libpic32.a(default-bootstrap-exception-handler.o)
 .debug_aranges
                0x00000298       0x20 c:/program files (x86)/microchip/xc32/v1.44/bin/bin/../../lib/gcc/pic32mx/4.8.3/../../../../pic32mx/lib\libpic32.a(default-on-reset.o)
 .debug_aranges
                0x000002b8       0x20 c:/program files (x86)/microchip/xc32/v1.44/bin/bin/../../lib/gcc/pic32mx/4.8.3/../../../../pic32mx/lib\libpic32.a(default-on-bootstrap.o)
 .debug_aranges
                0x000002d8       0x20 c:/program files (x86)/microchip/xc32/v1.44/bin/bin/../../lib/gcc/pic32mx/4.8.3/../../../../pic32mx/lib\libpic32.a(defaultinterrupt.o)
 .debug_aranges
                0x000002f8       0x20 c:/program files (x86)/microchip/xc32/v1.44/bin/bin/../../lib/gcc/pic32mx/4.8.3\libgcc.a(_udivdi3.o)
 .debug_aranges
                0x00000318       0x20 c:/program files (x86)/microchip/xc32/v1.44/bin/bin/../../lib/gcc/pic32mx/4.8.3\libgcc.a(_umoddi3.o)
 .debug_aranges
                0x00000338       0x20 c:/program files (x86)/microchip/xc32/v1.44/bin/bin/../../lib/gcc/pic32mx/4.8.3/../../../../pic32mx/lib\libpic32.a(_mon_getc.o)
 .debug_aranges
                0x00000358       0x20 c:/program files (x86)/microchip/xc32/v1.44/bin/bin/../../lib/gcc/pic32mx/4.8.3/../../../../pic32mx/lib\libpic32.a(_mon_write.o)

.debug_pubnames
 *(.debug_pubnames)

.debug_info     0x00000000    0x1d462
 *(.debug_info .gnu.linkonce.wi.*)
 .debug_info    0x00000000     0x148b build/Normal/production/cambadge.o
 .debug_info    0x0000148b     0x4318 build/Normal/production/hardware.o
 .debug_info    0x000057a3     0x18c7 build/Normal/production/interrupts.o
 .debug_info    0x0000706a     0x5b2c build/Normal/production/MDD_File_System/FSIO.o
 .debug_info    0x0000cb96     0x1f7a build/Normal/production/MDD_File_System/SD-SPI.o
 .debug_info    0x0000eb10      0xb37 build/Normal/production/globals.o
 .debug_info    0x0000f647      0xe0b build/Normal/production/display.o
 .debug_info    0x00010452      0x99b build/Normal/production/serial.o
 .debug_info    0x00010ded     0x1568 build/Normal/production/fileformats.o
 .debug_info    0x00012355      0xaf9 build/Normal/production/particle.o
 .debug_info    0x00012e4e     0x13b6 build/Normal/production/browser.o
 .debug_info    0x00014204     0x1424 build/Normal/production/camera.o
 .debug_info    0x00015628      0x3e1 build/Normal/production/apptemplate.o
 .debug_info    0x00015a09      0xd2b build/Normal/production/codescan.o
 .debug_info    0x00016734     0x1bde build/Normal/production/utils.o
 .debug_info    0x00018312      0xa10 build/Normal/production/imagefx.o
 .debug_info    0x00018d22      0xda5 build/Normal/production/scope.o
 .debug_info    0x00019ac7     0x1121 build/Normal/production/box_game.o
 .debug_info    0x0001abe8      0xe98 build/Normal/production/breakout.o
 .debug_info    0x0001ba80      0x5b4 build/Normal/production/tetrapuzz.o
 .debug_info    0x0001c034       0xf5 c:/program files (x86)/microchip/xc32/v1.44/bin/bin/../../lib/gcc/pic32mx/4.8.3/../../../../pic32mx/lib\libpic32.a(default-bootstrap-exception-handler.o)
 .debug_info    0x0001c129       0xce c:/program files (x86)/microchip/xc32/v1.44/bin/bin/../../lib/gcc/pic32mx/4.8.3/../../../../pic32mx/lib\libpic32.a(default-on-reset.o)
 .debug_info    0x0001c1f7       0xd6 c:/program files (x86)/microchip/xc32/v1.44/bin/bin/../../lib/gcc/pic32mx/4.8.3/../../../../pic32mx/lib\libpic32.a(default-on-bootstrap.o)
 .debug_info    0x0001c2cd       0xe8 c:/program files (x86)/microchip/xc32/v1.44/bin/bin/../../lib/gcc/pic32mx/4.8.3/../../../../pic32mx/lib\libpic32.a(defaultinterrupt.o)
 .debug_info    0x0001c3b5      0x76f c:/program files (x86)/microchip/xc32/v1.44/bin/bin/../../lib/gcc/pic32mx/4.8.3\libgcc.a(_udivdi3.o)
 .debug_info    0x0001cb24      0x7ac c:/program files (x86)/microchip/xc32/v1.44/bin/bin/../../lib/gcc/pic32mx/4.8.3\libgcc.a(_umoddi3.o)
 .debug_info    0x0001d2d0       0xc8 c:/program files (x86)/microchip/xc32/v1.44/bin/bin/../../lib/gcc/pic32mx/4.8.3/../../../../pic32mx/lib\libpic32.a(_mon_getc.o)
 .debug_info    0x0001d398       0xca c:/program files (x86)/microchip/xc32/v1.44/bin/bin/../../lib/gcc/pic32mx/4.8.3/../../../../pic32mx/lib\libpic32.a(_mon_write.o)

.debug_abbrev   0x00000000     0x2f2f
 *(.debug_abbrev)
 .debug_abbrev  0x00000000      0x288 build/Normal/production/cambadge.o
 .debug_abbrev  0x00000288      0x388 build/Normal/production/hardware.o
 .debug_abbrev  0x00000610      0x15f build/Normal/production/interrupts.o
 .debug_abbrev  0x0000076f      0x3f1 build/Normal/production/MDD_File_System/FSIO.o
 .debug_abbrev  0x00000b60      0x391 build/Normal/production/MDD_File_System/SD-SPI.o
 .debug_abbrev  0x00000ef1       0xfd build/Normal/production/globals.o
 .debug_abbrev  0x00000fee      0x213 build/Normal/production/display.o
 .debug_abbrev  0x00001201      0x1a9 build/Normal/production/serial.o
 .debug_abbrev  0x000013aa      0x1e5 build/Normal/production/fileformats.o
 .debug_abbrev  0x0000158f      0x18a build/Normal/production/particle.o
 .debug_abbrev  0x00001719      0x265 build/Normal/production/browser.o
 .debug_abbrev  0x0000197e      0x284 build/Normal/production/camera.o
 .debug_abbrev  0x00001c02      0x129 build/Normal/production/apptemplate.o
 .debug_abbrev  0x00001d2b      0x294 build/Normal/production/codescan.o
 .debug_abbrev  0x00001fbf      0x260 build/Normal/production/utils.o
 .debug_abbrev  0x0000221f      0x1f1 build/Normal/production/imagefx.o
 .debug_abbrev  0x00002410      0x207 build/Normal/production/scope.o
 .debug_abbrev  0x00002617      0x20d build/Normal/production/box_game.o
 .debug_abbrev  0x00002824      0x22c build/Normal/production/breakout.o
 .debug_abbrev  0x00002a50      0x170 build/Normal/production/tetrapuzz.o
 .debug_abbrev  0x00002bc0       0x28 c:/program files (x86)/microchip/xc32/v1.44/bin/bin/../../lib/gcc/pic32mx/4.8.3/../../../../pic32mx/lib\libpic32.a(default-bootstrap-exception-handler.o)
 .debug_abbrev  0x00002be8       0x28 c:/program files (x86)/microchip/xc32/v1.44/bin/bin/../../lib/gcc/pic32mx/4.8.3/../../../../pic32mx/lib\libpic32.a(default-on-reset.o)
 .debug_abbrev  0x00002c10       0x28 c:/program files (x86)/microchip/xc32/v1.44/bin/bin/../../lib/gcc/pic32mx/4.8.3/../../../../pic32mx/lib\libpic32.a(default-on-bootstrap.o)
 .debug_abbrev  0x00002c38       0x28 c:/program files (x86)/microchip/xc32/v1.44/bin/bin/../../lib/gcc/pic32mx/4.8.3/../../../../pic32mx/lib\libpic32.a(defaultinterrupt.o)
 .debug_abbrev  0x00002c60      0x138 c:/program files (x86)/microchip/xc32/v1.44/bin/bin/../../lib/gcc/pic32mx/4.8.3\libgcc.a(_udivdi3.o)
 .debug_abbrev  0x00002d98      0x147 c:/program files (x86)/microchip/xc32/v1.44/bin/bin/../../lib/gcc/pic32mx/4.8.3\libgcc.a(_umoddi3.o)
 .debug_abbrev  0x00002edf       0x28 c:/program files (x86)/microchip/xc32/v1.44/bin/bin/../../lib/gcc/pic32mx/4.8.3/../../../../pic32mx/lib\libpic32.a(_mon_getc.o)
 .debug_abbrev  0x00002f07       0x28 c:/program files (x86)/microchip/xc32/v1.44/bin/bin/../../lib/gcc/pic32mx/4.8.3/../../../../pic32mx/lib\libpic32.a(_mon_write.o)

.debug_line     0x00000000     0x3fc4
 *(.debug_line)
 .debug_line    0x00000000      0x263 build/Normal/production/cambadge.o
 .debug_line    0x00000263      0x467 build/Normal/production/hardware.o
 .debug_line    0x000006ca      0x18f build/Normal/production/interrupts.o
 .debug_line    0x00000859     0x10e9 build/Normal/production/MDD_File_System/FSIO.o
 .debug_line    0x00001942      0x365 build/Normal/production/MDD_File_System/SD-SPI.o
 .debug_line    0x00001ca7       0xbd build/Normal/production/globals.o
 .debug_line    0x00001d64      0x281 build/Normal/production/display.o
 .debug_line    0x00001fe5      0x11f build/Normal/production/serial.o
 .debug_line    0x00002104      0x279 build/Normal/production/fileformats.o
 .debug_line    0x0000237d      0x20f build/Normal/production/particle.o
 .debug_line    0x0000258c      0x2bf build/Normal/production/browser.o
 .debug_line    0x0000284b      0x28e build/Normal/production/camera.o
 .debug_line    0x00002ad9       0xfb build/Normal/production/apptemplate.o
 .debug_line    0x00002bd4      0x278 build/Normal/production/codescan.o
 .debug_line    0x00002e4c      0x263 build/Normal/production/utils.o
 .debug_line    0x000030af      0x1b0 build/Normal/production/imagefx.o
 .debug_line    0x0000325f      0x288 build/Normal/production/scope.o
 .debug_line    0x000034e7      0x260 build/Normal/production/box_game.o
 .debug_line    0x00003747      0x1d8 build/Normal/production/breakout.o
 .debug_line    0x0000391f      0x105 build/Normal/production/tetrapuzz.o
 .debug_line    0x00003a24       0xa7 c:/program files (x86)/microchip/xc32/v1.44/bin/bin/../../lib/gcc/pic32mx/4.8.3/../../../../pic32mx/lib\libpic32.a(default-bootstrap-exception-handler.o)
 .debug_line    0x00003acb       0x94 c:/program files (x86)/microchip/xc32/v1.44/bin/bin/../../lib/gcc/pic32mx/4.8.3/../../../../pic32mx/lib\libpic32.a(default-on-reset.o)
 .debug_line    0x00003b5f       0x98 c:/program files (x86)/microchip/xc32/v1.44/bin/bin/../../lib/gcc/pic32mx/4.8.3/../../../../pic32mx/lib\libpic32.a(default-on-bootstrap.o)
 .debug_line    0x00003bf7       0xa6 c:/program files (x86)/microchip/xc32/v1.44/bin/bin/../../lib/gcc/pic32mx/4.8.3/../../../../pic32mx/lib\libpic32.a(defaultinterrupt.o)
 .debug_line    0x00003c9d       0xfd c:/program files (x86)/microchip/xc32/v1.44/bin/bin/../../lib/gcc/pic32mx/4.8.3\libgcc.a(_udivdi3.o)
 .debug_line    0x00003d9a      0x10f c:/program files (x86)/microchip/xc32/v1.44/bin/bin/../../lib/gcc/pic32mx/4.8.3\libgcc.a(_umoddi3.o)
 .debug_line    0x00003ea9       0x8d c:/program files (x86)/microchip/xc32/v1.44/bin/bin/../../lib/gcc/pic32mx/4.8.3/../../../../pic32mx/lib\libpic32.a(_mon_getc.o)
 .debug_line    0x00003f36       0x8e c:/program files (x86)/microchip/xc32/v1.44/bin/bin/../../lib/gcc/pic32mx/4.8.3/../../../../pic32mx/lib\libpic32.a(_mon_write.o)
 .debug_line    0x00003fc4        0x0 c:/program files (x86)/microchip/xc32/v1.44/bin/bin/../../lib/gcc/pic32mx/4.8.3/../../../../pic32mx/lib\libpic32.a(xc32_uart.o)

.debug_frame    0x00000000     0x15e4
 *(.debug_frame)
 .debug_frame   0x00000000       0x38 build/Normal/production/cambadge.o
 .debug_frame   0x00000038      0x2e8 build/Normal/production/hardware.o
 .debug_frame   0x00000320       0xa0 build/Normal/production/interrupts.o
 .debug_frame   0x000003c0      0x6fc build/Normal/production/MDD_File_System/FSIO.o
 .debug_frame   0x00000abc      0x194 build/Normal/production/MDD_File_System/SD-SPI.o
 .debug_frame   0x00000c50       0xc8 build/Normal/production/display.o
 .debug_frame   0x00000d18       0x2c build/Normal/production/serial.o
 .debug_frame   0x00000d44      0x114 build/Normal/production/fileformats.o
 .debug_frame   0x00000e58       0x4c build/Normal/production/particle.o
 .debug_frame   0x00000ea4       0x34 build/Normal/production/browser.o
 .debug_frame   0x00000ed8       0x40 build/Normal/production/camera.o
 .debug_frame   0x00000f18       0x28 build/Normal/production/apptemplate.o
 .debug_frame   0x00000f40       0x90 build/Normal/production/codescan.o
 .debug_frame   0x00000fd0       0x38 build/Normal/production/utils.o
 .debug_frame   0x00001008       0x28 build/Normal/production/imagefx.o
 .debug_frame   0x00001030       0x5c build/Normal/production/scope.o
 .debug_frame   0x0000108c      0x290 build/Normal/production/box_game.o
 .debug_frame   0x0000131c      0x180 build/Normal/production/breakout.o
 .debug_frame   0x0000149c       0x28 build/Normal/production/tetrapuzz.o
 .debug_frame   0x000014c4       0x2c c:/program files (x86)/microchip/xc32/v1.44/bin/bin/../../lib/gcc/pic32mx/4.8.3/../../../../pic32mx/lib\libpic32.a(default-bootstrap-exception-handler.o)
 .debug_frame   0x000014f0       0x20 c:/program files (x86)/microchip/xc32/v1.44/bin/bin/../../lib/gcc/pic32mx/4.8.3/../../../../pic32mx/lib\libpic32.a(default-on-reset.o)
 .debug_frame   0x00001510       0x20 c:/program files (x86)/microchip/xc32/v1.44/bin/bin/../../lib/gcc/pic32mx/4.8.3/../../../../pic32mx/lib\libpic32.a(default-on-bootstrap.o)
 .debug_frame   0x00001530       0x20 c:/program files (x86)/microchip/xc32/v1.44/bin/bin/../../lib/gcc/pic32mx/4.8.3/../../../../pic32mx/lib\libpic32.a(defaultinterrupt.o)
 .debug_frame   0x00001550       0x20 c:/program files (x86)/microchip/xc32/v1.44/bin/bin/../../lib/gcc/pic32mx/4.8.3\libgcc.a(_udivdi3.o)
 .debug_frame   0x00001570       0x20 c:/program files (x86)/microchip/xc32/v1.44/bin/bin/../../lib/gcc/pic32mx/4.8.3\libgcc.a(_umoddi3.o)
 .debug_frame   0x00001590       0x28 c:/program files (x86)/microchip/xc32/v1.44/bin/bin/../../lib/gcc/pic32mx/4.8.3/../../../../pic32mx/lib\libpic32.a(_mon_getc.o)
 .debug_frame   0x000015b8       0x2c c:/program files (x86)/microchip/xc32/v1.44/bin/bin/../../lib/gcc/pic32mx/4.8.3/../../../../pic32mx/lib\libpic32.a(_mon_write.o)

.debug_str      0x00000000      0x4d2
 *(.debug_str)
 .debug_str     0x00000000       0x2c build/Normal/production/cambadge.o
 .debug_str     0x0000002c       0x2d build/Normal/production/hardware.o
 .debug_str     0x00000059        0x0 build/Normal/production/interrupts.o
 .debug_str     0x00000059      0x2be build/Normal/production/MDD_File_System/FSIO.o
 .debug_str     0x00000317       0xad build/Normal/production/MDD_File_System/SD-SPI.o
 .debug_str     0x000003c4        0xb build/Normal/production/globals.o
 .debug_str     0x000003cf        0xe build/Normal/production/display.o
 .debug_str     0x000003dd        0x0 build/Normal/production/serial.o
 .debug_str     0x000003dd       0x10 build/Normal/production/fileformats.o
 .debug_str     0x000003ed        0x0 build/Normal/production/particle.o
 .debug_str     0x000003ed       0x1f build/Normal/production/browser.o
 .debug_str     0x0000040c        0x0 build/Normal/production/camera.o
 .debug_str     0x0000040c        0x0 build/Normal/production/apptemplate.o
 .debug_str     0x0000040c        0x8 build/Normal/production/codescan.o
 .debug_str     0x00000414        0xc build/Normal/production/utils.o
 .debug_str     0x00000420        0x0 build/Normal/production/imagefx.o
 .debug_str     0x00000420        0x0 build/Normal/production/scope.o
 .debug_str     0x00000420       0x31 build/Normal/production/box_game.o
 .debug_str     0x00000451       0x2a build/Normal/production/breakout.o
 .debug_str     0x0000047b       0x57 build/Normal/production/tetrapuzz.o
 .debug_str     0x000004d2        0x0 c:/program files (x86)/microchip/xc32/v1.44/bin/bin/../../lib/gcc/pic32mx/4.8.3/../../../../pic32mx/lib\libpic32.a(default-bootstrap-exception-handler.o)
 .debug_str     0x000004d2        0x0 c:/program files (x86)/microchip/xc32/v1.44/bin/bin/../../lib/gcc/pic32mx/4.8.3/../../../../pic32mx/lib\libpic32.a(default-on-reset.o)
 .debug_str     0x000004d2        0x0 c:/program files (x86)/microchip/xc32/v1.44/bin/bin/../../lib/gcc/pic32mx/4.8.3/../../../../pic32mx/lib\libpic32.a(default-on-bootstrap.o)
 .debug_str     0x000004d2        0x0 c:/program files (x86)/microchip/xc32/v1.44/bin/bin/../../lib/gcc/pic32mx/4.8.3/../../../../pic32mx/lib\libpic32.a(defaultinterrupt.o)
 .debug_str     0x000004d2        0x0 c:/program files (x86)/microchip/xc32/v1.44/bin/bin/../../lib/gcc/pic32mx/4.8.3\libgcc.a(_udivdi3.o)
 .debug_str     0x000004d2        0x0 c:/program files (x86)/microchip/xc32/v1.44/bin/bin/../../lib/gcc/pic32mx/4.8.3\libgcc.a(_umoddi3.o)
 .debug_str     0x000004d2        0x0 c:/program files (x86)/microchip/xc32/v1.44/bin/bin/../../lib/gcc/pic32mx/4.8.3/../../../../pic32mx/lib\libpic32.a(_mon_getc.o)
 .debug_str     0x000004d2        0x0 c:/program files (x86)/microchip/xc32/v1.44/bin/bin/../../lib/gcc/pic32mx/4.8.3/../../../../pic32mx/lib\libpic32.a(_mon_write.o)
 .debug_str     0x000004d2        0x0 c:/program files (x86)/microchip/xc32/v1.44/bin/bin/../../lib/gcc/pic32mx/4.8.3/../../../../pic32mx/lib\libpic32.a(xc32_uart.o)

.debug_loc      0x00000000     0xc68d
 *(.debug_loc)
 .debug_loc     0x00000000      0x2b9 build/Normal/production/cambadge.o
 .debug_loc     0x000002b9      0x790 build/Normal/production/hardware.o
 .debug_loc     0x00000a49       0x1c build/Normal/production/interrupts.o
 .debug_loc     0x00000a65     0x5f64 build/Normal/production/MDD_File_System/FSIO.o
 .debug_loc     0x000069c9      0xa43 build/Normal/production/MDD_File_System/SD-SPI.o
 .debug_loc     0x0000740c      0x74b build/Normal/production/display.o
 .debug_loc     0x00007b57      0x712 build/Normal/production/fileformats.o
 .debug_loc     0x00008269      0x4aa build/Normal/production/particle.o
 .debug_loc     0x00008713      0x2d6 build/Normal/production/browser.o
 .debug_loc     0x000089e9      0x34a build/Normal/production/camera.o
 .debug_loc     0x00008d33       0x53 build/Normal/production/apptemplate.o
 .debug_loc     0x00008d86      0x9b1 build/Normal/production/codescan.o
 .debug_loc     0x00009737       0xce build/Normal/production/utils.o
 .debug_loc     0x00009805      0x35e build/Normal/production/imagefx.o
 .debug_loc     0x00009b63      0x65a build/Normal/production/scope.o
 .debug_loc     0x0000a1bd      0x872 build/Normal/production/box_game.o
 .debug_loc     0x0000aa2f      0x6fe build/Normal/production/breakout.o
 .debug_loc     0x0000b12d       0x4d build/Normal/production/tetrapuzz.o
 .debug_loc     0x0000b17a       0x2c c:/program files (x86)/microchip/xc32/v1.44/bin/bin/../../lib/gcc/pic32mx/4.8.3/../../../../pic32mx/lib\libpic32.a(default-bootstrap-exception-handler.o)
 .debug_loc     0x0000b1a6      0xa6a c:/program files (x86)/microchip/xc32/v1.44/bin/bin/../../lib/gcc/pic32mx/4.8.3\libgcc.a(_udivdi3.o)
 .debug_loc     0x0000bc10      0xa3d c:/program files (x86)/microchip/xc32/v1.44/bin/bin/../../lib/gcc/pic32mx/4.8.3\libgcc.a(_umoddi3.o)
 .debug_loc     0x0000c64d       0x20 c:/program files (x86)/microchip/xc32/v1.44/bin/bin/../../lib/gcc/pic32mx/4.8.3/../../../../pic32mx/lib\libpic32.a(_mon_getc.o)
 .debug_loc     0x0000c66d       0x20 c:/program files (x86)/microchip/xc32/v1.44/bin/bin/../../lib/gcc/pic32mx/4.8.3/../../../../pic32mx/lib\libpic32.a(_mon_write.o)

.debug_macinfo
 *(.debug_macinfo)

.debug_weaknames
 *(.debug_weaknames)

.debug_funcnames
 *(.debug_funcnames)

.debug_typenames
 *(.debug_typenames)

.debug_varnames
 *(.debug_varnames)

.debug_pubtypes
 *(.debug_pubtypes)

.debug_ranges   0x00000000      0x370
 *(.debug_ranges)
 .debug_ranges  0x00000000       0x28 build/Normal/production/hardware.o
 .debug_ranges  0x00000028       0x18 build/Normal/production/MDD_File_System/FSIO.o
 .debug_ranges  0x00000040       0x98 build/Normal/production/browser.o
 .debug_ranges  0x000000d8       0x28 build/Normal/production/imagefx.o
 .debug_ranges  0x00000100       0x58 build/Normal/production/box_game.o
 .debug_ranges  0x00000158       0x28 build/Normal/production/breakout.o
 .debug_ranges  0x00000180       0x20 build/Normal/production/tetrapuzz.o
 .debug_ranges  0x000001a0       0x10 c:/program files (x86)/microchip/xc32/v1.44/bin/bin/../../lib/gcc/pic32mx/4.8.3/../../../../pic32mx/lib\libpic32.a(default-bootstrap-exception-handler.o)
 .debug_ranges  0x000001b0       0x10 c:/program files (x86)/microchip/xc32/v1.44/bin/bin/../../lib/gcc/pic32mx/4.8.3/../../../../pic32mx/lib\libpic32.a(default-on-reset.o)
 .debug_ranges  0x000001c0       0x10 c:/program files (x86)/microchip/xc32/v1.44/bin/bin/../../lib/gcc/pic32mx/4.8.3/../../../../pic32mx/lib\libpic32.a(default-on-bootstrap.o)
 .debug_ranges  0x000001d0       0x10 c:/program files (x86)/microchip/xc32/v1.44/bin/bin/../../lib/gcc/pic32mx/4.8.3/../../../../pic32mx/lib\libpic32.a(defaultinterrupt.o)
 .debug_ranges  0x000001e0       0x98 c:/program files (x86)/microchip/xc32/v1.44/bin/bin/../../lib/gcc/pic32mx/4.8.3\libgcc.a(_udivdi3.o)
 .debug_ranges  0x00000278       0xd8 c:/program files (x86)/microchip/xc32/v1.44/bin/bin/../../lib/gcc/pic32mx/4.8.3\libgcc.a(_umoddi3.o)
 .debug_ranges  0x00000350       0x10 c:/program files (x86)/microchip/xc32/v1.44/bin/bin/../../lib/gcc/pic32mx/4.8.3/../../../../pic32mx/lib\libpic32.a(_mon_getc.o)
 .debug_ranges  0x00000360       0x10 c:/program files (x86)/microchip/xc32/v1.44/bin/bin/../../lib/gcc/pic32mx/4.8.3/../../../../pic32mx/lib\libpic32.a(_mon_write.o)

.gnu.attributes
                0x00000000       0x10
 *(.gnu.attributes)
 .gnu.attributes
                0x00000000       0x10 build/Normal/production/cambadge.o
 .gnu.attributes
                0x00000010       0x10 build/Normal/production/hardware.o
 .gnu.attributes
                0x00000020       0x10 build/Normal/production/interrupts.o
 .gnu.attributes
                0x00000030       0x10 build/Normal/production/MDD_File_System/FSIO.o
 .gnu.attributes
                0x00000040       0x10 build/Normal/production/MDD_File_System/SD-SPI.o
 .gnu.attributes
                0x00000050       0x10 build/Normal/production/globals.o
 .gnu.attributes
                0x00000060       0x10 build/Normal/production/display.o
 .gnu.attributes
                0x00000070       0x10 build/Normal/production/serial.o
 .gnu.attributes
                0x00000080       0x10 build/Normal/production/fileformats.o
 .gnu.attributes
                0x00000090       0x10 build/Normal/production/particle.o
 .gnu.attributes
                0x000000a0       0x10 build/Normal/production/browser.o
 .gnu.attributes
                0x000000b0       0x10 build/Normal/production/camera.o
 .gnu.attributes
                0x000000c0       0x10 build/Normal/production/apptemplate.o
 .gnu.attributes
                0x000000d0       0x10 build/Normal/production/codescan.o
 .gnu.attributes
                0x000000e0       0x10 build/Normal/production/utils.o
 .gnu.attributes
                0x000000f0       0x10 build/Normal/production/imagefx.o
 .gnu.attributes
                0x00000100       0x10 build/Normal/production/scope.o
 .gnu.attributes
                0x00000110       0x10 build/Normal/production/box_game.o
 .gnu.attributes
                0x00000120       0x10 build/Normal/production/breakout.o
 .gnu.attributes
                0x00000130       0x10 build/Normal/production/tetrapuzz.o
 .gnu.attributes
                0x00000140       0x10 c:/program files (x86)/microchip/xc32/v1.44/bin/bin/../../lib/gcc/pic32mx/4.8.3/../../../../pic32mx/lib\libpic32.a(default-bootstrap-exception-handler.o)
 .gnu.attributes
                0x00000150       0x10 c:/program files (x86)/microchip/xc32/v1.44/bin/bin/../../lib/gcc/pic32mx/4.8.3/../../../../pic32mx/lib\libpic32.a(default-on-reset.o)
 .gnu.attributes
                0x00000160       0x10 c:/program files (x86)/microchip/xc32/v1.44/bin/bin/../../lib/gcc/pic32mx/4.8.3/../../../../pic32mx/lib\libpic32.a(default-on-bootstrap.o)
 .gnu.attributes
                0x00000170       0x10 c:/program files (x86)/microchip/xc32/v1.44/bin/bin/../../lib/gcc/pic32mx/4.8.3/../../../../pic32mx/lib\libpic32.a(defaultinterrupt.o)
 .gnu.attributes
                0x00000180       0x10 c:/program files (x86)/microchip/xc32/v1.44/bin/bin/../../lib/gcc/pic32mx/4.8.3/../../../../pic32mx/lib\liblega-c.a(strncpy.o)
 .gnu.attributes
                0x00000190       0x10 c:/program files (x86)/microchip/xc32/v1.44/bin/bin/../../lib/gcc/pic32mx/4.8.3/../../../../pic32mx/lib\liblega-c.a(ctypef.o)
 .gnu.attributes
                0x000001a0       0x10 c:/program files (x86)/microchip/xc32/v1.44/bin/bin/../../lib/gcc/pic32mx/4.8.3/../../../../pic32mx/lib\liblega-c.a(rand.o)
 .gnu.attributes
                0x000001b0       0x10 c:/program files (x86)/microchip/xc32/v1.44/bin/bin/../../lib/gcc/pic32mx/4.8.3/../../../../pic32mx/lib\liblega-c.a(fputc.o)
 .gnu.attributes
                0x000001c0       0x10 c:/program files (x86)/microchip/xc32/v1.44/bin/bin/../../lib/gcc/pic32mx/4.8.3/../../../../pic32mx/lib\liblega-c.a(fputs.o)
 .gnu.attributes
                0x000001d0       0x10 c:/program files (x86)/microchip/xc32/v1.44/bin/bin/../../lib/gcc/pic32mx/4.8.3/../../../../pic32mx/lib\liblega-c.a(printf_cdnopsuxX.eo)
 .gnu.attributes
                0x000001e0       0x10 c:/program files (x86)/microchip/xc32/v1.44/bin/bin/../../lib/gcc/pic32mx/4.8.3/../../../../pic32mx/lib\liblega-c.a(printf.o)
 .gnu.attributes
                0x000001f0       0x10 c:/program files (x86)/microchip/xc32/v1.44/bin/bin/../../lib/gcc/pic32mx/4.8.3/../../../../pic32mx/lib\liblega-c.a(stubs.o)
 .gnu.attributes
                0x00000200       0x10 c:/program files (x86)/microchip/xc32/v1.44/bin/bin/../../lib/gcc/pic32mx/4.8.3/../../../../pic32mx/lib\liblega-c.a(ctype.o)
 .gnu.attributes
                0x00000210       0x10 c:/program files (x86)/microchip/xc32/v1.44/bin/bin/../../lib/gcc/pic32mx/4.8.3/../../../../pic32mx/lib\liblega-c.a(_doprnt_cdnopsuxX.eo)
 .gnu.attributes
                0x00000220       0x10 c:/program files (x86)/microchip/xc32/v1.44/bin/bin/../../lib/gcc/pic32mx/4.8.3/../../../../pic32mx/lib\liblega-c.a(_doprnt.o)
 .gnu.attributes
                0x00000230       0x10 c:/program files (x86)/microchip/xc32/v1.44/bin/bin/../../lib/gcc/pic32mx/4.8.3/../../../../pic32mx/lib\liblega-c.a(_iobdata.o)
 .gnu.attributes
                0x00000240       0x10 c:/program files (x86)/microchip/xc32/v1.44/bin/bin/../../lib/gcc/pic32mx/4.8.3/../../../../pic32mx/lib\liblega-c.a(_iobfuncs.o)
 .gnu.attributes
                0x00000250       0x10 c:/program files (x86)/microchip/xc32/v1.44/bin/bin/../../lib/gcc/pic32mx/4.8.3/../../../../pic32mx/lib\liblega-c.a(errno.o)
 .gnu.attributes
                0x00000260       0x10 c:/program files (x86)/microchip/xc32/v1.44/bin/bin/../../lib/gcc/pic32mx/4.8.3\libgcc.a(_udivdi3.o)
 .gnu.attributes
                0x00000270       0x10 c:/program files (x86)/microchip/xc32/v1.44/bin/bin/../../lib/gcc/pic32mx/4.8.3\libgcc.a(_umoddi3.o)
 .gnu.attributes
                0x00000280       0x10 c:/program files (x86)/microchip/xc32/v1.44/bin/bin/../../lib/gcc/pic32mx/4.8.3/../../../../pic32mx/lib\libpic32.a(_mon_getc.o)
 .gnu.attributes
                0x00000290       0x10 c:/program files (x86)/microchip/xc32/v1.44/bin/bin/../../lib/gcc/pic32mx/4.8.3/../../../../pic32mx/lib\libpic32.a(_mon_write.o)
 .gnu.attributes
                0x000002a0       0x10 c:/program files (x86)/microchip/xc32/v1.44/bin/bin/../../lib/gcc/pic32mx/4.8.3/../../../../pic32mx/lib\libpic32.a(xc32_uart.o)
                0x00000200                _min_heap_size = 0x200
                0x00000200                _min_stack_size = 0x200
LOAD c:/program files (x86)/microchip/xc32/v1.44/bin/bin/../../lib/gcc/pic32mx/4.8.3/../../../../pic32mx/lib/./proc/32MX170F256D\default_isr_vectors.o
LOAD c:/program files (x86)/microchip/xc32/v1.44/bin/bin/../../lib/gcc/pic32mx/4.8.3/../../../../pic32mx/lib\pic32_software_reset.o
LOAD c:/program files (x86)/microchip/xc32/v1.44/bin/bin/../../lib/gcc/pic32mx/4.8.3\libgcc.a
START GROUP
LOAD c:/program files (x86)/microchip/xc32/v1.44/bin/bin/../../lib/gcc/pic32mx/4.8.3/../../../../pic32mx/lib\libpic32.a
LOAD c:/program files (x86)/microchip/xc32/v1.44/bin/bin/../../lib/gcc/pic32mx/4.8.3/../../../../pic32mx/lib\libdebug.a
LOAD c:/program files (x86)/microchip/xc32/v1.44/bin/bin/../../lib/gcc/pic32mx/4.8.3/../../../../pic32mx/lib\libpic32.a
LOAD c:/program files (x86)/microchip/xc32/v1.44/bin/bin/../../lib/gcc/pic32mx/4.8.3/../../../../pic32mx/lib\liblega-c.a
LOAD c:/program files (x86)/microchip/xc32/v1.44/bin/bin/../../lib/gcc/pic32mx/4.8.3/../../../../pic32mx/lib\libm.a
LOAD c:/program files (x86)/microchip/xc32/v1.44/bin/bin/../../lib/gcc/pic32mx/4.8.3/../../../../pic32mx/lib\libe.a
LOAD c:/program files (x86)/microchip/xc32/v1.44/bin/bin/../../lib/gcc/pic32mx/4.8.3/../../../../pic32mx/lib\libdsp.a
LOAD c:/program files (x86)/microchip/xc32/v1.44/bin/bin/../../lib/gcc/pic32mx/4.8.3\libgcc.a
LOAD c:/program files (x86)/microchip/xc32/v1.44/bin/bin/../../lib/gcc/pic32mx/4.8.3/../../../../pic32mx/lib\libpic32.a
END GROUP
LOAD c:/program files (x86)/microchip/xc32/v1.44/bin/bin/../../lib/gcc/pic32mx/4.8.3\libgcc.a
OUTPUT(dist/Normal/production/cambadge.X.production.elf elf32-tradlittlemips)
LOAD stack
LOAD data_init

.reginfo        0x00000000       0x18
 .reginfo       0x00000000       0x18 c:/program files (x86)/microchip/xc32/v1.44/bin/bin/../../lib/gcc/pic32mx/4.8.3/../../../../pic32mx/lib/./proc/32MX170F256D/crt0_mips32r2.o

.stack          0xa000ef20      0x200
 .stack         0xa000ef20      0x200 stack

.data           0xa000ea5c       0xd4
 .data          0xa000ea5c       0xd4 c:/program files (x86)/microchip/xc32/v1.44/bin/bin/../../lib/gcc/pic32mx/4.8.3/../../../../pic32mx/lib\liblega-c.a(_iobdata.o)

.bss            0xa000eb30       0xe8
 .bss           0xa000eb30       0x88 c:/program files (x86)/microchip/xc32/v1.44/bin/bin/../../lib/gcc/pic32mx/4.8.3/../../../../pic32mx/lib\liblega-c.a(_iobdata.o)
 .bss           0xa000ebb8       0x60 build/Normal/production/breakout.o

.data           0xa000ec18       0x80
 .data          0xa000ec18       0x50 build/Normal/production/cambadge.o
                0xa000ec18                avierrors
                0xa000ec50                camnames
 .data          0xa000ec68       0x30 c:/program files (x86)/microchip/xc32/v1.44/bin/bin/../../lib/gcc/pic32mx/4.8.3/../../../../pic32mx/lib\liblega-c.a(rand.o)

.bss            0xa000ec98       0x48
 .bss           0xa000ec98       0x28 build/Normal/production/MDD_File_System/SD-SPI.o
 .bss           0xa000ecc0       0x20 build/Normal/production/particle.o

.bss            0xa000ece0       0x24
 .bss           0xa000ece0       0x14 build/Normal/production/codescan.o
 .bss           0xa000ecf4       0x10 build/Normal/production/browser.o

._debug_exception
                0xbfc00480       0x2c
 ._debug_exception
                0xbfc00480       0x2c c:/program files (x86)/microchip/xc32/v1.44/bin/bin/../../lib/gcc/pic32mx/4.8.3/../../../../pic32mx/lib\debug-exception-return.o
                0xbfc00480                __DbgExecReturn

.text           0x9d009490     0x8850
 .text          0x9d009490     0x6eac build/Normal/production/MDD_File_System/FSIO.o
                0x9d009490                LoadMBR
                0x9d0096ac                GetFullClusterNumber
                0x9d0096c0                IncrementTimeStamp
                0x9d0097ac                FSftell
                0x9d0097b8                FSerror
                0x9d0097c0                FileObjectCopy
                0x9d0097e8                ReadByte
                0x9d0097f4                ReadWord
                0x9d00980c                ReadDWord
                0x9d009860                LoadBootSector
                0x9d009cb8                DISKmount
                0x9d009d78                FSInit
                0x9d009e30                FSformat
                0x9d00ac80                Cluster2Sector
                0x9d00acdc                Write_File_Entry
                0x9d00ada0                flushData
                0x9d00ae04                FSCreateMBR
                0x9d00b028                FSrewind
                0x9d00b070                EraseCluster
                0x9d00b15c                FSfeof
                0x9d00b174                ValidateChars
                0x9d00b334                FormatFileName
                0x9d00b574                FormatDirName
                0x9d00b75c                WriteFAT
                0x9d00bae4                ReadFAT
                0x9d00be68                FILEget_next_cluster
                0x9d00bf54                FSfread
                0x9d00c1b0                Cache_File_Entry
                0x9d00c438                PopulateEntries
                0x9d00c538                Fill_File_Object
                0x9d00c68c                FILEfind
                0x9d00c954                FILEopen
                0x9d00cabc                LoadDirAttrib
                0x9d00cb7c                FSrename
                0x9d00cca8                FSattrib
                0x9d00cd84                FATfindEmptyCluster
                0x9d00ceac                FAT_erase_cluster_chain
                0x9d00cfd4                FILEerase
                0x9d00d0c4                FSremove
                0x9d00d1f8                FILEallocate_new_cluster
                0x9d00d2d8                FindEmptyEntries
                0x9d00d3f8                FSfwrite
                0x9d00d714                FSfseek
                0x9d00d920                FILECreateHeadCluster
                0x9d00d9f4                CreateFirstCluster
                0x9d00da6c                CreateFileEntry
                0x9d00daf8                FSfopen
                0x9d00e0d0                FSfclose
                0x9d00e228                chdirhelper
                0x9d00e6f0                FSchdir
                0x9d00e714                GetPreviousEntry
                0x9d00e8e0                FSgetcwd
                0x9d00ede4                writeDotEntries
                0x9d00ef60                CreateDIR
                0x9d00f08c                mkdirhelper
                0x9d00f554                FSmkdir
                0x9d00f578                eraseDir
                0x9d00f630                rmdirhelper
                0x9d00fdf0                FSrmdir
                0x9d00fe1c                FindFirst
                0x9d0100f0                FindNext
 .text          0x9d01033c     0x19a4 build/Normal/production/hardware.o
                0x9d01033c                _general_exception_handler
                0x9d010378                do_delay
                0x9d0103fc                iistop
                0x9d01042c                ACKStatus
                0x9d010440                getiic
                0x9d0104e4                iisend
                0x9d010534                iirestart
                0x9d010578                iistart
                0x9d0105bc                cam_setreg
                0x9d010614                acc_setreg
                0x9d010660                readcamreg
                0x9d0106c0                acc_init
                0x9d010700                acc_read
                0x9d010808                cam_grabdisable
                0x9d010834                cam_grabenable
                0x9d0108dc                cam_enable
                0x9d010bf8                u1txbyte
                0x9d010c88                u2txbyte
                0x9d010ca8                u2txword
                0x9d010cd4                sendspi
                0x9d010cfc                randnum
                0x9d010d40                claimadc
                0x9d010d90                inithardware
                0x9d01122c                readbatt
                0x9d011374                readbuttons
                0x9d011530                enterboot
                0x9d011560                selftest
                0x9d011b40                nvm_read
                0x9d011b80                do_flash
                0x9d011bec                nvm_write
                0x9d011c94                reboot

.text           0x9d011ce0     0x1f84
 .text          0x9d011ce0     0x1014 build/Normal/production/MDD_File_System/SD-SPI.o
                0x9d011ce0                MDD_SDSPI_MediaDetect